Warning: m=xx on .subckt line will override multiplier m hierarchy!

******
** ngspice-45.2 : Circuit level simulation program
** Compiled with KLU Direct Linear Solver
** The U. C. Berkeley CAD Group
** Copyright 1985-1994, Regents of the University of California.
** Copyright 2001-2025, The ngspice team.
** Please get your ngspice manual from https://ngspice.sourceforge.io/docs.html
** Please file your bug-reports at http://ngspice.sourceforge.net/bugrep.html
** Creation Date: Tue Jan  6 14:50:51 UTC 2026
******

Note: ngspice start command line:
 ngspice -r tran_SchGtKttTtVt.raw tran_SchGtKttTtVt.spi


Note: Compatibility modes selected: hs a

max line length 318224, max subst. per line 55, number of lines 14247

Circuit: *cicsimgen tran

option SCALE: Scale is set to 1e-06 for instance and model parameters
Warning: Model issue on line 45 :
  .model xdut.x1.x7.x2.xxa1.xr1_0:rhead_model r sw_et=0 isnoisy=0 rsh=     ...
unrecognized parameter (sw_et) - ignored
unrecognized parameter (isnoisy) - ignored
unrecognized parameter (p2) - ignored
unrecognized parameter (q2) - ignored

Warning: Model issue on line 50 :
  .model xdut.x1.x7.x2.xxa1.xr1_0:rbody_model r sw_et=0 isnoisy=0 rsh=     ...
unrecognized parameter (sw_et) - ignored
unrecognized parameter (isnoisy) - ignored
unrecognized parameter (p2) - ignored
unrecognized parameter (q2) - ignored
unrecognized parameter (p3) - ignored
unrecognized parameter (q3) - ignored

Warning: Model issue on line 45 :
  .model xdut.x1.x7.x2.xxa1.xr1_1:rhead_model r sw_et=0 isnoisy=0 rsh=     ...
unrecognized parameter (sw_et) - ignored
unrecognized parameter (isnoisy) - ignored
unrecognized parameter (p2) - ignored
unrecognized parameter (q2) - ignored

Warning: Model issue on line 50 :
  .model xdut.x1.x7.x2.xxa1.xr1_1:rbody_model r sw_et=0 isnoisy=0 rsh=     ...
unrecognized parameter (sw_et) - ignored
unrecognized parameter (isnoisy) - ignored
unrecognized parameter (p2) - ignored
unrecognized parameter (q2) - ignored
unrecognized parameter (p3) - ignored
unrecognized parameter (q3) - ignored

Warning: Model issue on line 45 :
  .model xdut.x1.x7.x2.xxa1.xr1_2:rhead_model r sw_et=0 isnoisy=0 rsh=     ...
unrecognized parameter (sw_et) - ignored
unrecognized parameter (isnoisy) - ignored
unrecognized parameter (p2) - ignored
unrecognized parameter (q2) - ignored

Warning: Model issue on line 50 :
  .model xdut.x1.x7.x2.xxa1.xr1_2:rbody_model r sw_et=0 isnoisy=0 rsh=     ...
unrecognized parameter (sw_et) - ignored
unrecognized parameter (isnoisy) - ignored
unrecognized parameter (p2) - ignored
unrecognized parameter (q2) - ignored
unrecognized parameter (p3) - ignored
unrecognized parameter (q3) - ignored

Warning: Model issue on line 45 :
  .model xdut.x1.x7.x2.xxa1.xr1_3:rhead_model r sw_et=0 isnoisy=0 rsh=     ...
unrecognized parameter (sw_et) - ignored
unrecognized parameter (isnoisy) - ignored
unrecognized parameter (p2) - ignored
unrecognized parameter (q2) - ignored

Warning: Model issue on line 50 :
  .model xdut.x1.x7.x2.xxa1.xr1_3:rbody_model r sw_et=0 isnoisy=0 rsh=     ...
unrecognized parameter (sw_et) - ignored
unrecognized parameter (isnoisy) - ignored
unrecognized parameter (p2) - ignored
unrecognized parameter (q2) - ignored
unrecognized parameter (p3) - ignored
unrecognized parameter (q3) - ignored

Warning: Model issue on line 45 :
  .model xdut.x1.x7.x2.xxa1.xr1_4:rhead_model r sw_et=0 isnoisy=0 rsh=     ...
unrecognized parameter (sw_et) - ignored
unrecognized parameter (isnoisy) - ignored
unrecognized parameter (p2) - ignored
unrecognized parameter (q2) - ignored

Warning: Model issue on line 50 :
  .model xdut.x1.x7.x2.xxa1.xr1_4:rbody_model r sw_et=0 isnoisy=0 rsh=     ...
unrecognized parameter (sw_et) - ignored
unrecognized parameter (isnoisy) - ignored
unrecognized parameter (p2) - ignored
unrecognized parameter (q2) - ignored
unrecognized parameter (p3) - ignored
unrecognized parameter (q3) - ignored

Warning: Model issue on line 45 :
  .model xdut.x1.x7.x2.xxa1.xr1_5:rhead_model r sw_et=0 isnoisy=0 rsh=     ...
unrecognized parameter (sw_et) - ignored
unrecognized parameter (isnoisy) - ignored
unrecognized parameter (p2) - ignored
unrecognized parameter (q2) - ignored

Warning: Model issue on line 50 :
  .model xdut.x1.x7.x2.xxa1.xr1_5:rbody_model r sw_et=0 isnoisy=0 rsh=     ...
unrecognized parameter (sw_et) - ignored
unrecognized parameter (isnoisy) - ignored
unrecognized parameter (p2) - ignored
unrecognized parameter (q2) - ignored
unrecognized parameter (p3) - ignored
unrecognized parameter (q3) - ignored

Warning: Model issue on line 45 :
  .model xdut.x1.x7.x2.xxa1.xr1_6:rhead_model r sw_et=0 isnoisy=0 rsh=     ...
unrecognized parameter (sw_et) - ignored
unrecognized parameter (isnoisy) - ignored
unrecognized parameter (p2) - ignored
unrecognized parameter (q2) - ignored

Warning: Model issue on line 50 :
  .model xdut.x1.x7.x2.xxa1.xr1_6:rbody_model r sw_et=0 isnoisy=0 rsh=     ...
unrecognized parameter (sw_et) - ignored
unrecognized parameter (isnoisy) - ignored
unrecognized parameter (p2) - ignored
unrecognized parameter (q2) - ignored
unrecognized parameter (p3) - ignored
unrecognized parameter (q3) - ignored

Warning: Model issue on line 45 :
  .model xdut.x1.x7.x2.xxa1.xr1_7:rhead_model r sw_et=0 isnoisy=0 rsh=     ...
unrecognized parameter (sw_et) - ignored
unrecognized parameter (isnoisy) - ignored
unrecognized parameter (p2) - ignored
unrecognized parameter (q2) - ignored

Warning: Model issue on line 50 :
  .model xdut.x1.x7.x2.xxa1.xr1_7:rbody_model r sw_et=0 isnoisy=0 rsh=     ...
unrecognized parameter (sw_et) - ignored
unrecognized parameter (isnoisy) - ignored
unrecognized parameter (p2) - ignored
unrecognized parameter (q2) - ignored
unrecognized parameter (p3) - ignored
unrecognized parameter (q3) - ignored

Warning: Model issue on line 45 :
  .model xdut.x1.x7.x3.xxa1.xr1_0:rhead_model r sw_et=0 isnoisy=0 rsh=     ...
unrecognized parameter (sw_et) - ignored
unrecognized parameter (isnoisy) - ignored
unrecognized parameter (p2) - ignored
unrecognized parameter (q2) - ignored

Warning: Model issue on line 50 :
  .model xdut.x1.x7.x3.xxa1.xr1_0:rbody_model r sw_et=0 isnoisy=0 rsh=     ...
unrecognized parameter (sw_et) - ignored
unrecognized parameter (isnoisy) - ignored
unrecognized parameter (p2) - ignored
unrecognized parameter (q2) - ignored
unrecognized parameter (p3) - ignored
unrecognized parameter (q3) - ignored

Warning: Model issue on line 45 :
  .model xdut.x1.x7.x3.xxa1.xr1_1:rhead_model r sw_et=0 isnoisy=0 rsh=     ...
unrecognized parameter (sw_et) - ignored
unrecognized parameter (isnoisy) - ignored
unrecognized parameter (p2) - ignored
unrecognized parameter (q2) - ignored

Warning: Model issue on line 50 :
  .model xdut.x1.x7.x3.xxa1.xr1_1:rbody_model r sw_et=0 isnoisy=0 rsh=     ...
unrecognized parameter (sw_et) - ignored
unrecognized parameter (isnoisy) - ignored
unrecognized parameter (p2) - ignored
unrecognized parameter (q2) - ignored
unrecognized parameter (p3) - ignored
unrecognized parameter (q3) - ignored

Warning: Model issue on line 45 :
  .model xdut.x1.x7.x3.xxa1.xr1_2:rhead_model r sw_et=0 isnoisy=0 rsh=     ...
unrecognized parameter (sw_et) - ignored
unrecognized parameter (isnoisy) - ignored
unrecognized parameter (p2) - ignored
unrecognized parameter (q2) - ignored

Warning: Model issue on line 50 :
  .model xdut.x1.x7.x3.xxa1.xr1_2:rbody_model r sw_et=0 isnoisy=0 rsh=     ...
unrecognized parameter (sw_et) - ignored
unrecognized parameter (isnoisy) - ignored
unrecognized parameter (p2) - ignored
unrecognized parameter (q2) - ignored
unrecognized parameter (p3) - ignored
unrecognized parameter (q3) - ignored

Warning: Model issue on line 45 :
  .model xdut.x1.x7.x3.xxa1.xr1_3:rhead_model r sw_et=0 isnoisy=0 rsh=     ...
unrecognized parameter (sw_et) - ignored
unrecognized parameter (isnoisy) - ignored
unrecognized parameter (p2) - ignored
unrecognized parameter (q2) - ignored

Warning: Model issue on line 50 :
  .model xdut.x1.x7.x3.xxa1.xr1_3:rbody_model r sw_et=0 isnoisy=0 rsh=     ...
unrecognized parameter (sw_et) - ignored
unrecognized parameter (isnoisy) - ignored
unrecognized parameter (p2) - ignored
unrecognized parameter (q2) - ignored
unrecognized parameter (p3) - ignored
unrecognized parameter (q3) - ignored

Warning: Model issue on line 45 :
  .model xdut.x1.x7.x9.xxa1.xr1_0:rhead_model r sw_et=0 isnoisy=0 rsh=     ...
unrecognized parameter (sw_et) - ignored
unrecognized parameter (isnoisy) - ignored
unrecognized parameter (p2) - ignored
unrecognized parameter (q2) - ignored

Warning: Model issue on line 50 :
  .model xdut.x1.x7.x9.xxa1.xr1_0:rbody_model r sw_et=0 isnoisy=0 rsh=     ...
unrecognized parameter (sw_et) - ignored
unrecognized parameter (isnoisy) - ignored
unrecognized parameter (p2) - ignored
unrecognized parameter (q2) - ignored
unrecognized parameter (p3) - ignored
unrecognized parameter (q3) - ignored

Warning: Model issue on line 45 :
  .model xdut.x1.x7.x9.xxa1.xr1_1:rhead_model r sw_et=0 isnoisy=0 rsh=     ...
unrecognized parameter (sw_et) - ignored
unrecognized parameter (isnoisy) - ignored
unrecognized parameter (p2) - ignored
unrecognized parameter (q2) - ignored

Warning: Model issue on line 50 :
  .model xdut.x1.x7.x9.xxa1.xr1_1:rbody_model r sw_et=0 isnoisy=0 rsh=     ...
unrecognized parameter (sw_et) - ignored
unrecognized parameter (isnoisy) - ignored
unrecognized parameter (p2) - ignored
unrecognized parameter (q2) - ignored
unrecognized parameter (p3) - ignored
unrecognized parameter (q3) - ignored

Warning: Model issue on line 45 :
  .model xdut.x1.x7.x9.xxa1.xr1_2:rhead_model r sw_et=0 isnoisy=0 rsh=     ...
unrecognized parameter (sw_et) - ignored
unrecognized parameter (isnoisy) - ignored
unrecognized parameter (p2) - ignored
unrecognized parameter (q2) - ignored

Warning: Model issue on line 50 :
  .model xdut.x1.x7.x9.xxa1.xr1_2:rbody_model r sw_et=0 isnoisy=0 rsh=     ...
unrecognized parameter (sw_et) - ignored
unrecognized parameter (isnoisy) - ignored
unrecognized parameter (p2) - ignored
unrecognized parameter (q2) - ignored
unrecognized parameter (p3) - ignored
unrecognized parameter (q3) - ignored

Warning: Model issue on line 45 :
  .model xdut.x1.x7.x9.xxa1.xr1_3:rhead_model r sw_et=0 isnoisy=0 rsh=     ...
unrecognized parameter (sw_et) - ignored
unrecognized parameter (isnoisy) - ignored
unrecognized parameter (p2) - ignored
unrecognized parameter (q2) - ignored

Warning: Model issue on line 50 :
  .model xdut.x1.x7.x9.xxa1.xr1_3:rbody_model r sw_et=0 isnoisy=0 rsh=     ...
unrecognized parameter (sw_et) - ignored
unrecognized parameter (isnoisy) - ignored
unrecognized parameter (p2) - ignored
unrecognized parameter (q2) - ignored
unrecognized parameter (p3) - ignored
unrecognized parameter (q3) - ignored

Warning: Model issue on line 45 :
  .model xdut.x1.x7.x9.xxa1.xr1_4:rhead_model r sw_et=0 isnoisy=0 rsh=     ...
unrecognized parameter (sw_et) - ignored
unrecognized parameter (isnoisy) - ignored
unrecognized parameter (p2) - ignored
unrecognized parameter (q2) - ignored

Warning: Model issue on line 50 :
  .model xdut.x1.x7.x9.xxa1.xr1_4:rbody_model r sw_et=0 isnoisy=0 rsh=     ...
unrecognized parameter (sw_et) - ignored
unrecognized parameter (isnoisy) - ignored
unrecognized parameter (p2) - ignored
unrecognized parameter (q2) - ignored
unrecognized parameter (p3) - ignored
unrecognized parameter (q3) - ignored

Warning: Model issue on line 45 :
  .model xdut.x1.x7.x9.xxa1.xr1_5:rhead_model r sw_et=0 isnoisy=0 rsh=     ...
unrecognized parameter (sw_et) - ignored
unrecognized parameter (isnoisy) - ignored
unrecognized parameter (p2) - ignored
unrecognized parameter (q2) - ignored

Warning: Model issue on line 50 :
  .model xdut.x1.x7.x9.xxa1.xr1_5:rbody_model r sw_et=0 isnoisy=0 rsh=     ...
unrecognized parameter (sw_et) - ignored
unrecognized parameter (isnoisy) - ignored
unrecognized parameter (p2) - ignored
unrecognized parameter (q2) - ignored
unrecognized parameter (p3) - ignored
unrecognized parameter (q3) - ignored

Warning: Model issue on line 45 :
  .model xdut.x1.x7.x9.xxa1.xr1_6:rhead_model r sw_et=0 isnoisy=0 rsh=     ...
unrecognized parameter (sw_et) - ignored
unrecognized parameter (isnoisy) - ignored
unrecognized parameter (p2) - ignored
unrecognized parameter (q2) - ignored

Warning: Model issue on line 50 :
  .model xdut.x1.x7.x9.xxa1.xr1_6:rbody_model r sw_et=0 isnoisy=0 rsh=     ...
unrecognized parameter (sw_et) - ignored
unrecognized parameter (isnoisy) - ignored
unrecognized parameter (p2) - ignored
unrecognized parameter (q2) - ignored
unrecognized parameter (p3) - ignored
unrecognized parameter (q3) - ignored

Warning: Model issue on line 45 :
  .model xdut.x1.x7.x9.xxa1.xr1_7:rhead_model r sw_et=0 isnoisy=0 rsh=     ...
unrecognized parameter (sw_et) - ignored
unrecognized parameter (isnoisy) - ignored
unrecognized parameter (p2) - ignored
unrecognized parameter (q2) - ignored

Warning: Model issue on line 50 :
  .model xdut.x1.x7.x9.xxa1.xr1_7:rbody_model r sw_et=0 isnoisy=0 rsh=     ...
unrecognized parameter (sw_et) - ignored
unrecognized parameter (isnoisy) - ignored
unrecognized parameter (p2) - ignored
unrecognized parameter (q2) - ignored
unrecognized parameter (p3) - ignored
unrecognized parameter (q3) - ignored

Warning: Model issue on line 45 :
  .model xdut.x1.x7.x9.xxa1.xr1_8:rhead_model r sw_et=0 isnoisy=0 rsh=     ...
unrecognized parameter (sw_et) - ignored
unrecognized parameter (isnoisy) - ignored
unrecognized parameter (p2) - ignored
unrecognized parameter (q2) - ignored

Warning: Model issue on line 50 :
  .model xdut.x1.x7.x9.xxa1.xr1_8:rbody_model r sw_et=0 isnoisy=0 rsh=     ...
unrecognized parameter (sw_et) - ignored
unrecognized parameter (isnoisy) - ignored
unrecognized parameter (p2) - ignored
unrecognized parameter (q2) - ignored
unrecognized parameter (p3) - ignored
unrecognized parameter (q3) - ignored

Warning: Model issue on line 45 :
  .model xdut.x1.x7.x9.xxa1.xr1_9:rhead_model r sw_et=0 isnoisy=0 rsh=     ...
unrecognized parameter (sw_et) - ignored
unrecognized parameter (isnoisy) - ignored
unrecognized parameter (p2) - ignored
unrecognized parameter (q2) - ignored

Warning: Model issue on line 50 :
  .model xdut.x1.x7.x9.xxa1.xr1_9:rbody_model r sw_et=0 isnoisy=0 rsh=     ...
unrecognized parameter (sw_et) - ignored
unrecognized parameter (isnoisy) - ignored
unrecognized parameter (p2) - ignored
unrecognized parameter (q2) - ignored
unrecognized parameter (p3) - ignored
unrecognized parameter (q3) - ignored

Warning: Model issue on line 45 :
  .model xdut.x1.x7.x9.xxa1.xr1_10:rhead_model r sw_et=0 isnoisy=0 rsh=    ...
unrecognized parameter (sw_et) - ignored
unrecognized parameter (isnoisy) - ignored
unrecognized parameter (p2) - ignored
unrecognized parameter (q2) - ignored

Warning: Model issue on line 50 :
  .model xdut.x1.x7.x9.xxa1.xr1_10:rbody_model r sw_et=0 isnoisy=0 rsh=    ...
unrecognized parameter (sw_et) - ignored
unrecognized parameter (isnoisy) - ignored
unrecognized parameter (p2) - ignored
unrecognized parameter (q2) - ignored
unrecognized parameter (p3) - ignored
unrecognized parameter (q3) - ignored

Warning: Model issue on line 45 :
  .model xdut.x1.x7.x9.xxa1.xr1_11:rhead_model r sw_et=0 isnoisy=0 rsh=    ...
unrecognized parameter (sw_et) - ignored
unrecognized parameter (isnoisy) - ignored
unrecognized parameter (p2) - ignored
unrecognized parameter (q2) - ignored

Warning: Model issue on line 50 :
  .model xdut.x1.x7.x9.xxa1.xr1_11:rbody_model r sw_et=0 isnoisy=0 rsh=    ...
unrecognized parameter (sw_et) - ignored
unrecognized parameter (isnoisy) - ignored
unrecognized parameter (p2) - ignored
unrecognized parameter (q2) - ignored
unrecognized parameter (p3) - ignored
unrecognized parameter (q3) - ignored

Warning: Model issue on line 45 :
  .model xdut.x1.x7.x9.xxa1.xr1_12:rhead_model r sw_et=0 isnoisy=0 rsh=    ...
unrecognized parameter (sw_et) - ignored
unrecognized parameter (isnoisy) - ignored
unrecognized parameter (p2) - ignored
unrecognized parameter (q2) - ignored

Warning: Model issue on line 50 :
  .model xdut.x1.x7.x9.xxa1.xr1_12:rbody_model r sw_et=0 isnoisy=0 rsh=    ...
unrecognized parameter (sw_et) - ignored
unrecognized parameter (isnoisy) - ignored
unrecognized parameter (p2) - ignored
unrecognized parameter (q2) - ignored
unrecognized parameter (p3) - ignored
unrecognized parameter (q3) - ignored

Warning: Model issue on line 45 :
  .model xdut.x1.x7.x9.xxa1.xr1_13:rhead_model r sw_et=0 isnoisy=0 rsh=    ...
unrecognized parameter (sw_et) - ignored
unrecognized parameter (isnoisy) - ignored
unrecognized parameter (p2) - ignored
unrecognized parameter (q2) - ignored

Warning: Model issue on line 50 :
  .model xdut.x1.x7.x9.xxa1.xr1_13:rbody_model r sw_et=0 isnoisy=0 rsh=    ...
unrecognized parameter (sw_et) - ignored
unrecognized parameter (isnoisy) - ignored
unrecognized parameter (p2) - ignored
unrecognized parameter (q2) - ignored
unrecognized parameter (p3) - ignored
unrecognized parameter (q3) - ignored

Warning: Model issue on line 45 :
  .model xdut.x1.x7.x9.xxa1.xr1_14:rhead_model r sw_et=0 isnoisy=0 rsh=    ...
unrecognized parameter (sw_et) - ignored
unrecognized parameter (isnoisy) - ignored
unrecognized parameter (p2) - ignored
unrecognized parameter (q2) - ignored

Warning: Model issue on line 50 :
  .model xdut.x1.x7.x9.xxa1.xr1_14:rbody_model r sw_et=0 isnoisy=0 rsh=    ...
unrecognized parameter (sw_et) - ignored
unrecognized parameter (isnoisy) - ignored
unrecognized parameter (p2) - ignored
unrecognized parameter (q2) - ignored
unrecognized parameter (p3) - ignored
unrecognized parameter (q3) - ignored

Warning: Model issue on line 45 :
  .model xdut.x1.x7.x9.xxa1.xr1_15:rhead_model r sw_et=0 isnoisy=0 rsh=    ...
unrecognized parameter (sw_et) - ignored
unrecognized parameter (isnoisy) - ignored
unrecognized parameter (p2) - ignored
unrecognized parameter (q2) - ignored

Warning: Model issue on line 50 :
  .model xdut.x1.x7.x9.xxa1.xr1_15:rbody_model r sw_et=0 isnoisy=0 rsh=    ...
unrecognized parameter (sw_et) - ignored
unrecognized parameter (isnoisy) - ignored
unrecognized parameter (p2) - ignored
unrecognized parameter (q2) - ignored
unrecognized parameter (p3) - ignored
unrecognized parameter (q3) - ignored

Warning: Model issue on line 45 :
  .model xdut.x1.x7.x10.xxa1.xr1_0:rhead_model r sw_et=0 isnoisy=0 rsh=    ...
unrecognized parameter (sw_et) - ignored
unrecognized parameter (isnoisy) - ignored
unrecognized parameter (p2) - ignored
unrecognized parameter (q2) - ignored

Warning: Model issue on line 50 :
  .model xdut.x1.x7.x10.xxa1.xr1_0:rbody_model r sw_et=0 isnoisy=0 rsh=    ...
unrecognized parameter (sw_et) - ignored
unrecognized parameter (isnoisy) - ignored
unrecognized parameter (p2) - ignored
unrecognized parameter (q2) - ignored
unrecognized parameter (p3) - ignored
unrecognized parameter (q3) - ignored

Warning: Model issue on line 45 :
  .model xdut.x1.x7.x10.xxa1.xr1_1:rhead_model r sw_et=0 isnoisy=0 rsh=    ...
unrecognized parameter (sw_et) - ignored
unrecognized parameter (isnoisy) - ignored
unrecognized parameter (p2) - ignored
unrecognized parameter (q2) - ignored

Warning: Model issue on line 50 :
  .model xdut.x1.x7.x10.xxa1.xr1_1:rbody_model r sw_et=0 isnoisy=0 rsh=    ...
unrecognized parameter (sw_et) - ignored
unrecognized parameter (isnoisy) - ignored
unrecognized parameter (p2) - ignored
unrecognized parameter (q2) - ignored
unrecognized parameter (p3) - ignored
unrecognized parameter (q3) - ignored

Warning: Model issue on line 45 :
  .model xdut.x1.x7.x10.xxa1.xr1_2:rhead_model r sw_et=0 isnoisy=0 rsh=    ...
unrecognized parameter (sw_et) - ignored
unrecognized parameter (isnoisy) - ignored
unrecognized parameter (p2) - ignored
unrecognized parameter (q2) - ignored

Warning: Model issue on line 50 :
  .model xdut.x1.x7.x10.xxa1.xr1_2:rbody_model r sw_et=0 isnoisy=0 rsh=    ...
unrecognized parameter (sw_et) - ignored
unrecognized parameter (isnoisy) - ignored
unrecognized parameter (p2) - ignored
unrecognized parameter (q2) - ignored
unrecognized parameter (p3) - ignored
unrecognized parameter (q3) - ignored

Warning: Model issue on line 45 :
  .model xdut.x1.x7.x10.xxa1.xr1_3:rhead_model r sw_et=0 isnoisy=0 rsh=    ...
unrecognized parameter (sw_et) - ignored
unrecognized parameter (isnoisy) - ignored
unrecognized parameter (p2) - ignored
unrecognized parameter (q2) - ignored

Warning: Model issue on line 50 :
  .model xdut.x1.x7.x10.xxa1.xr1_3:rbody_model r sw_et=0 isnoisy=0 rsh=    ...
unrecognized parameter (sw_et) - ignored
unrecognized parameter (isnoisy) - ignored
unrecognized parameter (p2) - ignored
unrecognized parameter (q2) - ignored
unrecognized parameter (p3) - ignored
unrecognized parameter (q3) - ignored

Warning: Model issue on line 45 :
  .model xdut.x1.x7.x10.xxa1.xr1_4:rhead_model r sw_et=0 isnoisy=0 rsh=    ...
unrecognized parameter (sw_et) - ignored
unrecognized parameter (isnoisy) - ignored
unrecognized parameter (p2) - ignored
unrecognized parameter (q2) - ignored

Warning: Model issue on line 50 :
  .model xdut.x1.x7.x10.xxa1.xr1_4:rbody_model r sw_et=0 isnoisy=0 rsh=    ...
unrecognized parameter (sw_et) - ignored
unrecognized parameter (isnoisy) - ignored
unrecognized parameter (p2) - ignored
unrecognized parameter (q2) - ignored
unrecognized parameter (p3) - ignored
unrecognized parameter (q3) - ignored

Warning: Model issue on line 45 :
  .model xdut.x1.x7.x10.xxa1.xr1_5:rhead_model r sw_et=0 isnoisy=0 rsh=    ...
unrecognized parameter (sw_et) - ignored
unrecognized parameter (isnoisy) - ignored
unrecognized parameter (p2) - ignored
unrecognized parameter (q2) - ignored

Warning: Model issue on line 50 :
  .model xdut.x1.x7.x10.xxa1.xr1_5:rbody_model r sw_et=0 isnoisy=0 rsh=    ...
unrecognized parameter (sw_et) - ignored
unrecognized parameter (isnoisy) - ignored
unrecognized parameter (p2) - ignored
unrecognized parameter (q2) - ignored
unrecognized parameter (p3) - ignored
unrecognized parameter (q3) - ignored

Warning: Model issue on line 45 :
  .model xdut.x1.x7.x10.xxa1.xr1_6:rhead_model r sw_et=0 isnoisy=0 rsh=    ...
unrecognized parameter (sw_et) - ignored
unrecognized parameter (isnoisy) - ignored
unrecognized parameter (p2) - ignored
unrecognized parameter (q2) - ignored

Warning: Model issue on line 50 :
  .model xdut.x1.x7.x10.xxa1.xr1_6:rbody_model r sw_et=0 isnoisy=0 rsh=    ...
unrecognized parameter (sw_et) - ignored
unrecognized parameter (isnoisy) - ignored
unrecognized parameter (p2) - ignored
unrecognized parameter (q2) - ignored
unrecognized parameter (p3) - ignored
unrecognized parameter (q3) - ignored

Warning: Model issue on line 45 :
  .model xdut.x1.x7.x10.xxa1.xr1_7:rhead_model r sw_et=0 isnoisy=0 rsh=    ...
unrecognized parameter (sw_et) - ignored
unrecognized parameter (isnoisy) - ignored
unrecognized parameter (p2) - ignored
unrecognized parameter (q2) - ignored

Warning: Model issue on line 50 :
  .model xdut.x1.x7.x10.xxa1.xr1_7:rbody_model r sw_et=0 isnoisy=0 rsh=    ...
unrecognized parameter (sw_et) - ignored
unrecognized parameter (isnoisy) - ignored
unrecognized parameter (p2) - ignored
unrecognized parameter (q2) - ignored
unrecognized parameter (p3) - ignored
unrecognized parameter (q3) - ignored

Warning: Model issue on line 45 :
  .model xdut.x1.x7.x10.xxa1.xr1_8:rhead_model r sw_et=0 isnoisy=0 rsh=    ...
unrecognized parameter (sw_et) - ignored
unrecognized parameter (isnoisy) - ignored
unrecognized parameter (p2) - ignored
unrecognized parameter (q2) - ignored

Warning: Model issue on line 50 :
  .model xdut.x1.x7.x10.xxa1.xr1_8:rbody_model r sw_et=0 isnoisy=0 rsh=    ...
unrecognized parameter (sw_et) - ignored
unrecognized parameter (isnoisy) - ignored
unrecognized parameter (p2) - ignored
unrecognized parameter (q2) - ignored
unrecognized parameter (p3) - ignored
unrecognized parameter (q3) - ignored

Warning: Model issue on line 45 :
  .model xdut.x1.x7.x10.xxa1.xr1_9:rhead_model r sw_et=0 isnoisy=0 rsh=    ...
unrecognized parameter (sw_et) - ignored
unrecognized parameter (isnoisy) - ignored
unrecognized parameter (p2) - ignored
unrecognized parameter (q2) - ignored

Warning: Model issue on line 50 :
  .model xdut.x1.x7.x10.xxa1.xr1_9:rbody_model r sw_et=0 isnoisy=0 rsh=    ...
unrecognized parameter (sw_et) - ignored
unrecognized parameter (isnoisy) - ignored
unrecognized parameter (p2) - ignored
unrecognized parameter (q2) - ignored
unrecognized parameter (p3) - ignored
unrecognized parameter (q3) - ignored

Warning: Model issue on line 45 :
  .model xdut.x1.x7.x10.xxa1.xr1_10:rhead_model r sw_et=0 isnoisy=0 rsh=   ...
unrecognized parameter (sw_et) - ignored
unrecognized parameter (isnoisy) - ignored
unrecognized parameter (p2) - ignored
unrecognized parameter (q2) - ignored

Warning: Model issue on line 50 :
  .model xdut.x1.x7.x10.xxa1.xr1_10:rbody_model r sw_et=0 isnoisy=0 rsh=   ...
unrecognized parameter (sw_et) - ignored
unrecognized parameter (isnoisy) - ignored
unrecognized parameter (p2) - ignored
unrecognized parameter (q2) - ignored
unrecognized parameter (p3) - ignored
unrecognized parameter (q3) - ignored

Warning: Model issue on line 45 :
  .model xdut.x1.x7.x10.xxa1.xr1_11:rhead_model r sw_et=0 isnoisy=0 rsh=   ...
unrecognized parameter (sw_et) - ignored
unrecognized parameter (isnoisy) - ignored
unrecognized parameter (p2) - ignored
unrecognized parameter (q2) - ignored

Warning: Model issue on line 50 :
  .model xdut.x1.x7.x10.xxa1.xr1_11:rbody_model r sw_et=0 isnoisy=0 rsh=   ...
unrecognized parameter (sw_et) - ignored
unrecognized parameter (isnoisy) - ignored
unrecognized parameter (p2) - ignored
unrecognized parameter (q2) - ignored
unrecognized parameter (p3) - ignored
unrecognized parameter (q3) - ignored

Warning: Model issue on line 45 :
  .model xdut.x1.x7.x10.xxa1.xr1_12:rhead_model r sw_et=0 isnoisy=0 rsh=   ...
unrecognized parameter (sw_et) - ignored
unrecognized parameter (isnoisy) - ignored
unrecognized parameter (p2) - ignored
unrecognized parameter (q2) - ignored

Warning: Model issue on line 50 :
  .model xdut.x1.x7.x10.xxa1.xr1_12:rbody_model r sw_et=0 isnoisy=0 rsh=   ...
unrecognized parameter (sw_et) - ignored
unrecognized parameter (isnoisy) - ignored
unrecognized parameter (p2) - ignored
unrecognized parameter (q2) - ignored
unrecognized parameter (p3) - ignored
unrecognized parameter (q3) - ignored

Warning: Model issue on line 45 :
  .model xdut.x1.x7.x10.xxa1.xr1_13:rhead_model r sw_et=0 isnoisy=0 rsh=   ...
unrecognized parameter (sw_et) - ignored
unrecognized parameter (isnoisy) - ignored
unrecognized parameter (p2) - ignored
unrecognized parameter (q2) - ignored

Warning: Model issue on line 50 :
  .model xdut.x1.x7.x10.xxa1.xr1_13:rbody_model r sw_et=0 isnoisy=0 rsh=   ...
unrecognized parameter (sw_et) - ignored
unrecognized parameter (isnoisy) - ignored
unrecognized parameter (p2) - ignored
unrecognized parameter (q2) - ignored
unrecognized parameter (p3) - ignored
unrecognized parameter (q3) - ignored

Warning: Model issue on line 45 :
  .model xdut.x1.x7.x10.xxa1.xr1_14:rhead_model r sw_et=0 isnoisy=0 rsh=   ...
unrecognized parameter (sw_et) - ignored
unrecognized parameter (isnoisy) - ignored
unrecognized parameter (p2) - ignored
unrecognized parameter (q2) - ignored

Warning: Model issue on line 50 :
  .model xdut.x1.x7.x10.xxa1.xr1_14:rbody_model r sw_et=0 isnoisy=0 rsh=   ...
unrecognized parameter (sw_et) - ignored
unrecognized parameter (isnoisy) - ignored
unrecognized parameter (p2) - ignored
unrecognized parameter (q2) - ignored
unrecognized parameter (p3) - ignored
unrecognized parameter (q3) - ignored

Warning: Model issue on line 45 :
  .model xdut.x1.x7.x10.xxa1.xr1_15:rhead_model r sw_et=0 isnoisy=0 rsh=   ...
unrecognized parameter (sw_et) - ignored
unrecognized parameter (isnoisy) - ignored
unrecognized parameter (p2) - ignored
unrecognized parameter (q2) - ignored

Warning: Model issue on line 50 :
  .model xdut.x1.x7.x10.xxa1.xr1_15:rbody_model r sw_et=0 isnoisy=0 rsh=   ...
unrecognized parameter (sw_et) - ignored
unrecognized parameter (isnoisy) - ignored
unrecognized parameter (p2) - ignored
unrecognized parameter (q2) - ignored
unrecognized parameter (p3) - ignored
unrecognized parameter (q3) - ignored

Warning: Model issue on line 45 :
  .model xdut.x1.x7.x11.xxa1.xr1_0:rhead_model r sw_et=0 isnoisy=0 rsh=    ...
unrecognized parameter (sw_et) - ignored
unrecognized parameter (isnoisy) - ignored
unrecognized parameter (p2) - ignored
unrecognized parameter (q2) - ignored

Warning: Model issue on line 50 :
  .model xdut.x1.x7.x11.xxa1.xr1_0:rbody_model r sw_et=0 isnoisy=0 rsh=    ...
unrecognized parameter (sw_et) - ignored
unrecognized parameter (isnoisy) - ignored
unrecognized parameter (p2) - ignored
unrecognized parameter (q2) - ignored
unrecognized parameter (p3) - ignored
unrecognized parameter (q3) - ignored

Warning: Model issue on line 45 :
  .model xdut.x1.x7.x11.xxa1.xr1_1:rhead_model r sw_et=0 isnoisy=0 rsh=    ...
unrecognized parameter (sw_et) - ignored
unrecognized parameter (isnoisy) - ignored
unrecognized parameter (p2) - ignored
unrecognized parameter (q2) - ignored

Warning: Model issue on line 50 :
  .model xdut.x1.x7.x11.xxa1.xr1_1:rbody_model r sw_et=0 isnoisy=0 rsh=    ...
unrecognized parameter (sw_et) - ignored
unrecognized parameter (isnoisy) - ignored
unrecognized parameter (p2) - ignored
unrecognized parameter (q2) - ignored
unrecognized parameter (p3) - ignored
unrecognized parameter (q3) - ignored

Warning: Model issue on line 45 :
  .model xdut.x1.x7.x11.xxa1.xr1_2:rhead_model r sw_et=0 isnoisy=0 rsh=    ...
unrecognized parameter (sw_et) - ignored
unrecognized parameter (isnoisy) - ignored
unrecognized parameter (p2) - ignored
unrecognized parameter (q2) - ignored

Warning: Model issue on line 50 :
  .model xdut.x1.x7.x11.xxa1.xr1_2:rbody_model r sw_et=0 isnoisy=0 rsh=    ...
unrecognized parameter (sw_et) - ignored
unrecognized parameter (isnoisy) - ignored
unrecognized parameter (p2) - ignored
unrecognized parameter (q2) - ignored
unrecognized parameter (p3) - ignored
unrecognized parameter (q3) - ignored

Warning: Model issue on line 45 :
  .model xdut.x1.x7.x11.xxa1.xr1_3:rhead_model r sw_et=0 isnoisy=0 rsh=    ...
unrecognized parameter (sw_et) - ignored
unrecognized parameter (isnoisy) - ignored
unrecognized parameter (p2) - ignored
unrecognized parameter (q2) - ignored

Warning: Model issue on line 50 :
  .model xdut.x1.x7.x11.xxa1.xr1_3:rbody_model r sw_et=0 isnoisy=0 rsh=    ...
unrecognized parameter (sw_et) - ignored
unrecognized parameter (isnoisy) - ignored
unrecognized parameter (p2) - ignored
unrecognized parameter (q2) - ignored
unrecognized parameter (p3) - ignored
unrecognized parameter (q3) - ignored

Warning: Model issue on line 45 :
  .model xdut.x1.x7.x11.xxa1.xr1_4:rhead_model r sw_et=0 isnoisy=0 rsh=    ...
unrecognized parameter (sw_et) - ignored
unrecognized parameter (isnoisy) - ignored
unrecognized parameter (p2) - ignored
unrecognized parameter (q2) - ignored

Warning: Model issue on line 50 :
  .model xdut.x1.x7.x11.xxa1.xr1_4:rbody_model r sw_et=0 isnoisy=0 rsh=    ...
unrecognized parameter (sw_et) - ignored
unrecognized parameter (isnoisy) - ignored
unrecognized parameter (p2) - ignored
unrecognized parameter (q2) - ignored
unrecognized parameter (p3) - ignored
unrecognized parameter (q3) - ignored

Warning: Model issue on line 45 :
  .model xdut.x1.x7.x11.xxa1.xr1_5:rhead_model r sw_et=0 isnoisy=0 rsh=    ...
unrecognized parameter (sw_et) - ignored
unrecognized parameter (isnoisy) - ignored
unrecognized parameter (p2) - ignored
unrecognized parameter (q2) - ignored

Warning: Model issue on line 50 :
  .model xdut.x1.x7.x11.xxa1.xr1_5:rbody_model r sw_et=0 isnoisy=0 rsh=    ...
unrecognized parameter (sw_et) - ignored
unrecognized parameter (isnoisy) - ignored
unrecognized parameter (p2) - ignored
unrecognized parameter (q2) - ignored
unrecognized parameter (p3) - ignored
unrecognized parameter (q3) - ignored

Warning: Model issue on line 45 :
  .model xdut.x1.x7.x11.xxa1.xr1_6:rhead_model r sw_et=0 isnoisy=0 rsh=    ...
unrecognized parameter (sw_et) - ignored
unrecognized parameter (isnoisy) - ignored
unrecognized parameter (p2) - ignored
unrecognized parameter (q2) - ignored

Warning: Model issue on line 50 :
  .model xdut.x1.x7.x11.xxa1.xr1_6:rbody_model r sw_et=0 isnoisy=0 rsh=    ...
unrecognized parameter (sw_et) - ignored
unrecognized parameter (isnoisy) - ignored
unrecognized parameter (p2) - ignored
unrecognized parameter (q2) - ignored
unrecognized parameter (p3) - ignored
unrecognized parameter (q3) - ignored

Warning: Model issue on line 45 :
  .model xdut.x1.x7.x11.xxa1.xr1_7:rhead_model r sw_et=0 isnoisy=0 rsh=    ...
unrecognized parameter (sw_et) - ignored
unrecognized parameter (isnoisy) - ignored
unrecognized parameter (p2) - ignored
unrecognized parameter (q2) - ignored

Warning: Model issue on line 50 :
  .model xdut.x1.x7.x11.xxa1.xr1_7:rbody_model r sw_et=0 isnoisy=0 rsh=    ...
unrecognized parameter (sw_et) - ignored
unrecognized parameter (isnoisy) - ignored
unrecognized parameter (p2) - ignored
unrecognized parameter (q2) - ignored
unrecognized parameter (p3) - ignored
unrecognized parameter (q3) - ignored

Warning: Model issue on line 45 :
  .model xdut.x1.x7.x11.xxa1.xr1_8:rhead_model r sw_et=0 isnoisy=0 rsh=    ...
unrecognized parameter (sw_et) - ignored
unrecognized parameter (isnoisy) - ignored
unrecognized parameter (p2) - ignored
unrecognized parameter (q2) - ignored

Warning: Model issue on line 50 :
  .model xdut.x1.x7.x11.xxa1.xr1_8:rbody_model r sw_et=0 isnoisy=0 rsh=    ...
unrecognized parameter (sw_et) - ignored
unrecognized parameter (isnoisy) - ignored
unrecognized parameter (p2) - ignored
unrecognized parameter (q2) - ignored
unrecognized parameter (p3) - ignored
unrecognized parameter (q3) - ignored

Warning: Model issue on line 45 :
  .model xdut.x1.x7.x11.xxa1.xr1_9:rhead_model r sw_et=0 isnoisy=0 rsh=    ...
unrecognized parameter (sw_et) - ignored
unrecognized parameter (isnoisy) - ignored
unrecognized parameter (p2) - ignored
unrecognized parameter (q2) - ignored

Warning: Model issue on line 50 :
  .model xdut.x1.x7.x11.xxa1.xr1_9:rbody_model r sw_et=0 isnoisy=0 rsh=    ...
unrecognized parameter (sw_et) - ignored
unrecognized parameter (isnoisy) - ignored
unrecognized parameter (p2) - ignored
unrecognized parameter (q2) - ignored
unrecognized parameter (p3) - ignored
unrecognized parameter (q3) - ignored

Warning: Model issue on line 45 :
  .model xdut.x1.x7.x11.xxa1.xr1_10:rhead_model r sw_et=0 isnoisy=0 rsh=   ...
unrecognized parameter (sw_et) - ignored
unrecognized parameter (isnoisy) - ignored
unrecognized parameter (p2) - ignored
unrecognized parameter (q2) - ignored

Warning: Model issue on line 50 :
  .model xdut.x1.x7.x11.xxa1.xr1_10:rbody_model r sw_et=0 isnoisy=0 rsh=   ...
unrecognized parameter (sw_et) - ignored
unrecognized parameter (isnoisy) - ignored
unrecognized parameter (p2) - ignored
unrecognized parameter (q2) - ignored
unrecognized parameter (p3) - ignored
unrecognized parameter (q3) - ignored

Warning: Model issue on line 45 :
  .model xdut.x1.x7.x11.xxa1.xr1_11:rhead_model r sw_et=0 isnoisy=0 rsh=   ...
unrecognized parameter (sw_et) - ignored
unrecognized parameter (isnoisy) - ignored
unrecognized parameter (p2) - ignored
unrecognized parameter (q2) - ignored

Warning: Model issue on line 50 :
  .model xdut.x1.x7.x11.xxa1.xr1_11:rbody_model r sw_et=0 isnoisy=0 rsh=   ...
unrecognized parameter (sw_et) - ignored
unrecognized parameter (isnoisy) - ignored
unrecognized parameter (p2) - ignored
unrecognized parameter (q2) - ignored
unrecognized parameter (p3) - ignored
unrecognized parameter (q3) - ignored

Warning: Model issue on line 45 :
  .model xdut.x1.x7.x11.xxa1.xr1_12:rhead_model r sw_et=0 isnoisy=0 rsh=   ...
unrecognized parameter (sw_et) - ignored
unrecognized parameter (isnoisy) - ignored
unrecognized parameter (p2) - ignored
unrecognized parameter (q2) - ignored

Warning: Model issue on line 50 :
  .model xdut.x1.x7.x11.xxa1.xr1_12:rbody_model r sw_et=0 isnoisy=0 rsh=   ...
unrecognized parameter (sw_et) - ignored
unrecognized parameter (isnoisy) - ignored
unrecognized parameter (p2) - ignored
unrecognized parameter (q2) - ignored
unrecognized parameter (p3) - ignored
unrecognized parameter (q3) - ignored

Warning: Model issue on line 45 :
  .model xdut.x1.x7.x11.xxa1.xr1_13:rhead_model r sw_et=0 isnoisy=0 rsh=   ...
unrecognized parameter (sw_et) - ignored
unrecognized parameter (isnoisy) - ignored
unrecognized parameter (p2) - ignored
unrecognized parameter (q2) - ignored

Warning: Model issue on line 50 :
  .model xdut.x1.x7.x11.xxa1.xr1_13:rbody_model r sw_et=0 isnoisy=0 rsh=   ...
unrecognized parameter (sw_et) - ignored
unrecognized parameter (isnoisy) - ignored
unrecognized parameter (p2) - ignored
unrecognized parameter (q2) - ignored
unrecognized parameter (p3) - ignored
unrecognized parameter (q3) - ignored

Warning: Model issue on line 45 :
  .model xdut.x1.x7.x11.xxa1.xr1_14:rhead_model r sw_et=0 isnoisy=0 rsh=   ...
unrecognized parameter (sw_et) - ignored
unrecognized parameter (isnoisy) - ignored
unrecognized parameter (p2) - ignored
unrecognized parameter (q2) - ignored

Warning: Model issue on line 50 :
  .model xdut.x1.x7.x11.xxa1.xr1_14:rbody_model r sw_et=0 isnoisy=0 rsh=   ...
unrecognized parameter (sw_et) - ignored
unrecognized parameter (isnoisy) - ignored
unrecognized parameter (p2) - ignored
unrecognized parameter (q2) - ignored
unrecognized parameter (p3) - ignored
unrecognized parameter (q3) - ignored

Warning: Model issue on line 45 :
  .model xdut.x1.x7.x11.xxa1.xr1_15:rhead_model r sw_et=0 isnoisy=0 rsh=   ...
unrecognized parameter (sw_et) - ignored
unrecognized parameter (isnoisy) - ignored
unrecognized parameter (p2) - ignored
unrecognized parameter (q2) - ignored

Warning: Model issue on line 50 :
  .model xdut.x1.x7.x11.xxa1.xr1_15:rbody_model r sw_et=0 isnoisy=0 rsh=   ...
unrecognized parameter (sw_et) - ignored
unrecognized parameter (isnoisy) - ignored
unrecognized parameter (p2) - ignored
unrecognized parameter (q2) - ignored
unrecognized parameter (p3) - ignored
unrecognized parameter (q3) - ignored

Warning: Model issue on line 45 :
  .model xdut.x1.x7.x1.x5.x6.xxa1.xr1_0:rhead_model r sw_et=0 isnoisy=0 rs ...
unrecognized parameter (sw_et) - ignored
unrecognized parameter (isnoisy) - ignored
unrecognized parameter (p2) - ignored
unrecognized parameter (q2) - ignored

Warning: Model issue on line 50 :
  .model xdut.x1.x7.x1.x5.x6.xxa1.xr1_0:rbody_model r sw_et=0 isnoisy=0 rs ...
unrecognized parameter (sw_et) - ignored
unrecognized parameter (isnoisy) - ignored
unrecognized parameter (p2) - ignored
unrecognized parameter (q2) - ignored
unrecognized parameter (p3) - ignored
unrecognized parameter (q3) - ignored

Warning: Model issue on line 45 :
  .model xdut.x1.x7.x1.x5.x6.xxa1.xr1_1:rhead_model r sw_et=0 isnoisy=0 rs ...
unrecognized parameter (sw_et) - ignored
unrecognized parameter (isnoisy) - ignored
unrecognized parameter (p2) - ignored
unrecognized parameter (q2) - ignored

Warning: Model issue on line 50 :
  .model xdut.x1.x7.x1.x5.x6.xxa1.xr1_1:rbody_model r sw_et=0 isnoisy=0 rs ...
unrecognized parameter (sw_et) - ignored
unrecognized parameter (isnoisy) - ignored
unrecognized parameter (p2) - ignored
unrecognized parameter (q2) - ignored
unrecognized parameter (p3) - ignored
unrecognized parameter (q3) - ignored

Warning: Model issue on line 45 :
  .model xdut.x1.x7.x1.x5.x6.xxa1.xr1_2:rhead_model r sw_et=0 isnoisy=0 rs ...
unrecognized parameter (sw_et) - ignored
unrecognized parameter (isnoisy) - ignored
unrecognized parameter (p2) - ignored
unrecognized parameter (q2) - ignored

Warning: Model issue on line 50 :
  .model xdut.x1.x7.x1.x5.x6.xxa1.xr1_2:rbody_model r sw_et=0 isnoisy=0 rs ...
unrecognized parameter (sw_et) - ignored
unrecognized parameter (isnoisy) - ignored
unrecognized parameter (p2) - ignored
unrecognized parameter (q2) - ignored
unrecognized parameter (p3) - ignored
unrecognized parameter (q3) - ignored

Warning: Model issue on line 45 :
  .model xdut.x1.x7.x1.x5.x6.xxa1.xr1_3:rhead_model r sw_et=0 isnoisy=0 rs ...
unrecognized parameter (sw_et) - ignored
unrecognized parameter (isnoisy) - ignored
unrecognized parameter (p2) - ignored
unrecognized parameter (q2) - ignored

Warning: Model issue on line 50 :
  .model xdut.x1.x7.x1.x5.x6.xxa1.xr1_3:rbody_model r sw_et=0 isnoisy=0 rs ...
unrecognized parameter (sw_et) - ignored
unrecognized parameter (isnoisy) - ignored
unrecognized parameter (p2) - ignored
unrecognized parameter (q2) - ignored
unrecognized parameter (p3) - ignored
unrecognized parameter (q3) - ignored

Warning: Model issue on line 45 :
  .model xdut.x1.x7.x6.xxa1.xr1_0:rhead_model r sw_et=0 isnoisy=0 rsh=     ...
unrecognized parameter (sw_et) - ignored
unrecognized parameter (isnoisy) - ignored
unrecognized parameter (p2) - ignored
unrecognized parameter (q2) - ignored

Warning: Model issue on line 50 :
  .model xdut.x1.x7.x6.xxa1.xr1_0:rbody_model r sw_et=0 isnoisy=0 rsh=     ...
unrecognized parameter (sw_et) - ignored
unrecognized parameter (isnoisy) - ignored
unrecognized parameter (p2) - ignored
unrecognized parameter (q2) - ignored
unrecognized parameter (p3) - ignored
unrecognized parameter (q3) - ignored

Warning: Model issue on line 45 :
  .model xdut.x1.x7.x6.xxa1.xr1_1:rhead_model r sw_et=0 isnoisy=0 rsh=     ...
unrecognized parameter (sw_et) - ignored
unrecognized parameter (isnoisy) - ignored
unrecognized parameter (p2) - ignored
unrecognized parameter (q2) - ignored

Warning: Model issue on line 50 :
  .model xdut.x1.x7.x6.xxa1.xr1_1:rbody_model r sw_et=0 isnoisy=0 rsh=     ...
unrecognized parameter (sw_et) - ignored
unrecognized parameter (isnoisy) - ignored
unrecognized parameter (p2) - ignored
unrecognized parameter (q2) - ignored
unrecognized parameter (p3) - ignored
unrecognized parameter (q3) - ignored

Warning: Model issue on line 45 :
  .model xdut.x1.x7.x6.xxa1.xr1_2:rhead_model r sw_et=0 isnoisy=0 rsh=     ...
unrecognized parameter (sw_et) - ignored
unrecognized parameter (isnoisy) - ignored
unrecognized parameter (p2) - ignored
unrecognized parameter (q2) - ignored

Warning: Model issue on line 50 :
  .model xdut.x1.x7.x6.xxa1.xr1_2:rbody_model r sw_et=0 isnoisy=0 rsh=     ...
unrecognized parameter (sw_et) - ignored
unrecognized parameter (isnoisy) - ignored
unrecognized parameter (p2) - ignored
unrecognized parameter (q2) - ignored
unrecognized parameter (p3) - ignored
unrecognized parameter (q3) - ignored

Warning: Model issue on line 45 :
  .model xdut.x1.x7.x6.xxa1.xr1_3:rhead_model r sw_et=0 isnoisy=0 rsh=     ...
unrecognized parameter (sw_et) - ignored
unrecognized parameter (isnoisy) - ignored
unrecognized parameter (p2) - ignored
unrecognized parameter (q2) - ignored

Warning: Model issue on line 50 :
  .model xdut.x1.x7.x6.xxa1.xr1_3:rbody_model r sw_et=0 isnoisy=0 rsh=     ...
unrecognized parameter (sw_et) - ignored
unrecognized parameter (isnoisy) - ignored
unrecognized parameter (p2) - ignored
unrecognized parameter (q2) - ignored
unrecognized parameter (p3) - ignored
unrecognized parameter (q3) - ignored

Warning: Model issue on line 45 :
  .model xdut.x1.x7.x6.xxa1.xr1_4:rhead_model r sw_et=0 isnoisy=0 rsh=     ...
unrecognized parameter (sw_et) - ignored
unrecognized parameter (isnoisy) - ignored
unrecognized parameter (p2) - ignored
unrecognized parameter (q2) - ignored

Warning: Model issue on line 50 :
  .model xdut.x1.x7.x6.xxa1.xr1_4:rbody_model r sw_et=0 isnoisy=0 rsh=     ...
unrecognized parameter (sw_et) - ignored
unrecognized parameter (isnoisy) - ignored
unrecognized parameter (p2) - ignored
unrecognized parameter (q2) - ignored
unrecognized parameter (p3) - ignored
unrecognized parameter (q3) - ignored

Warning: Model issue on line 45 :
  .model xdut.x1.x7.x6.xxa1.xr1_5:rhead_model r sw_et=0 isnoisy=0 rsh=     ...
unrecognized parameter (sw_et) - ignored
unrecognized parameter (isnoisy) - ignored
unrecognized parameter (p2) - ignored
unrecognized parameter (q2) - ignored

Warning: Model issue on line 50 :
  .model xdut.x1.x7.x6.xxa1.xr1_5:rbody_model r sw_et=0 isnoisy=0 rsh=     ...
unrecognized parameter (sw_et) - ignored
unrecognized parameter (isnoisy) - ignored
unrecognized parameter (p2) - ignored
unrecognized parameter (q2) - ignored
unrecognized parameter (p3) - ignored
unrecognized parameter (q3) - ignored

Warning: Model issue on line 45 :
  .model xdut.x1.x7.x6.xxa1.xr1_6:rhead_model r sw_et=0 isnoisy=0 rsh=     ...
unrecognized parameter (sw_et) - ignored
unrecognized parameter (isnoisy) - ignored
unrecognized parameter (p2) - ignored
unrecognized parameter (q2) - ignored

Warning: Model issue on line 50 :
  .model xdut.x1.x7.x6.xxa1.xr1_6:rbody_model r sw_et=0 isnoisy=0 rsh=     ...
unrecognized parameter (sw_et) - ignored
unrecognized parameter (isnoisy) - ignored
unrecognized parameter (p2) - ignored
unrecognized parameter (q2) - ignored
unrecognized parameter (p3) - ignored
unrecognized parameter (q3) - ignored

Warning: Model issue on line 45 :
  .model xdut.x1.x7.x6.xxa1.xr1_7:rhead_model r sw_et=0 isnoisy=0 rsh=     ...
unrecognized parameter (sw_et) - ignored
unrecognized parameter (isnoisy) - ignored
unrecognized parameter (p2) - ignored
unrecognized parameter (q2) - ignored

Warning: Model issue on line 50 :
  .model xdut.x1.x7.x6.xxa1.xr1_7:rbody_model r sw_et=0 isnoisy=0 rsh=     ...
unrecognized parameter (sw_et) - ignored
unrecognized parameter (isnoisy) - ignored
unrecognized parameter (p2) - ignored
unrecognized parameter (q2) - ignored
unrecognized parameter (p3) - ignored
unrecognized parameter (q3) - ignored

Warning: Model issue on line 45 :
  .model xdut.x1.x7.x26.xxa1.xr1_0:rhead_model r sw_et=0 isnoisy=0 rsh=    ...
unrecognized parameter (sw_et) - ignored
unrecognized parameter (isnoisy) - ignored
unrecognized parameter (p2) - ignored
unrecognized parameter (q2) - ignored

Warning: Model issue on line 50 :
  .model xdut.x1.x7.x26.xxa1.xr1_0:rbody_model r sw_et=0 isnoisy=0 rsh=    ...
unrecognized parameter (sw_et) - ignored
unrecognized parameter (isnoisy) - ignored
unrecognized parameter (p2) - ignored
unrecognized parameter (q2) - ignored
unrecognized parameter (p3) - ignored
unrecognized parameter (q3) - ignored

Warning: Model issue on line 45 :
  .model xdut.x1.x7.x26.xxa1.xr1_1:rhead_model r sw_et=0 isnoisy=0 rsh=    ...
unrecognized parameter (sw_et) - ignored
unrecognized parameter (isnoisy) - ignored
unrecognized parameter (p2) - ignored
unrecognized parameter (q2) - ignored

Warning: Model issue on line 50 :
  .model xdut.x1.x7.x26.xxa1.xr1_1:rbody_model r sw_et=0 isnoisy=0 rsh=    ...
unrecognized parameter (sw_et) - ignored
unrecognized parameter (isnoisy) - ignored
unrecognized parameter (p2) - ignored
unrecognized parameter (q2) - ignored
unrecognized parameter (p3) - ignored
unrecognized parameter (q3) - ignored

Warning: Model issue on line 45 :
  .model xdut.x1.x7.x26.xxa1.xr1_2:rhead_model r sw_et=0 isnoisy=0 rsh=    ...
unrecognized parameter (sw_et) - ignored
unrecognized parameter (isnoisy) - ignored
unrecognized parameter (p2) - ignored
unrecognized parameter (q2) - ignored

Warning: Model issue on line 50 :
  .model xdut.x1.x7.x26.xxa1.xr1_2:rbody_model r sw_et=0 isnoisy=0 rsh=    ...
unrecognized parameter (sw_et) - ignored
unrecognized parameter (isnoisy) - ignored
unrecognized parameter (p2) - ignored
unrecognized parameter (q2) - ignored
unrecognized parameter (p3) - ignored
unrecognized parameter (q3) - ignored

Warning: Model issue on line 45 :
  .model xdut.x1.x7.x26.xxa1.xr1_3:rhead_model r sw_et=0 isnoisy=0 rsh=    ...
unrecognized parameter (sw_et) - ignored
unrecognized parameter (isnoisy) - ignored
unrecognized parameter (p2) - ignored
unrecognized parameter (q2) - ignored

Warning: Model issue on line 50 :
  .model xdut.x1.x7.x26.xxa1.xr1_3:rbody_model r sw_et=0 isnoisy=0 rsh=    ...
unrecognized parameter (sw_et) - ignored
unrecognized parameter (isnoisy) - ignored
unrecognized parameter (p2) - ignored
unrecognized parameter (q2) - ignored
unrecognized parameter (p3) - ignored
unrecognized parameter (q3) - ignored

Warning: Model issue on line 45 :
  .model xdut.x1.x7.x26.xxa1.xr1_4:rhead_model r sw_et=0 isnoisy=0 rsh=    ...
unrecognized parameter (sw_et) - ignored
unrecognized parameter (isnoisy) - ignored
unrecognized parameter (p2) - ignored
unrecognized parameter (q2) - ignored

Warning: Model issue on line 50 :
  .model xdut.x1.x7.x26.xxa1.xr1_4:rbody_model r sw_et=0 isnoisy=0 rsh=    ...
unrecognized parameter (sw_et) - ignored
unrecognized parameter (isnoisy) - ignored
unrecognized parameter (p2) - ignored
unrecognized parameter (q2) - ignored
unrecognized parameter (p3) - ignored
unrecognized parameter (q3) - ignored

Warning: Model issue on line 45 :
  .model xdut.x1.x7.x26.xxa1.xr1_5:rhead_model r sw_et=0 isnoisy=0 rsh=    ...
unrecognized parameter (sw_et) - ignored
unrecognized parameter (isnoisy) - ignored
unrecognized parameter (p2) - ignored
unrecognized parameter (q2) - ignored

Warning: Model issue on line 50 :
  .model xdut.x1.x7.x26.xxa1.xr1_5:rbody_model r sw_et=0 isnoisy=0 rsh=    ...
unrecognized parameter (sw_et) - ignored
unrecognized parameter (isnoisy) - ignored
unrecognized parameter (p2) - ignored
unrecognized parameter (q2) - ignored
unrecognized parameter (p3) - ignored
unrecognized parameter (q3) - ignored

Warning: Model issue on line 45 :
  .model xdut.x1.x7.x26.xxa1.xr1_6:rhead_model r sw_et=0 isnoisy=0 rsh=    ...
unrecognized parameter (sw_et) - ignored
unrecognized parameter (isnoisy) - ignored
unrecognized parameter (p2) - ignored
unrecognized parameter (q2) - ignored

Warning: Model issue on line 50 :
  .model xdut.x1.x7.x26.xxa1.xr1_6:rbody_model r sw_et=0 isnoisy=0 rsh=    ...
unrecognized parameter (sw_et) - ignored
unrecognized parameter (isnoisy) - ignored
unrecognized parameter (p2) - ignored
unrecognized parameter (q2) - ignored
unrecognized parameter (p3) - ignored
unrecognized parameter (q3) - ignored

Warning: Model issue on line 45 :
  .model xdut.x1.x7.x26.xxa1.xr1_7:rhead_model r sw_et=0 isnoisy=0 rsh=    ...
unrecognized parameter (sw_et) - ignored
unrecognized parameter (isnoisy) - ignored
unrecognized parameter (p2) - ignored
unrecognized parameter (q2) - ignored

Warning: Model issue on line 50 :
  .model xdut.x1.x7.x26.xxa1.xr1_7:rbody_model r sw_et=0 isnoisy=0 rsh=    ...
unrecognized parameter (sw_et) - ignored
unrecognized parameter (isnoisy) - ignored
unrecognized parameter (p2) - ignored
unrecognized parameter (q2) - ignored
unrecognized parameter (p3) - ignored
unrecognized parameter (q3) - ignored

Warning: Model issue on line 45 :
  .model xdut.x1.x7.x27.xxa1.xr1_0:rhead_model r sw_et=0 isnoisy=0 rsh=    ...
unrecognized parameter (sw_et) - ignored
unrecognized parameter (isnoisy) - ignored
unrecognized parameter (p2) - ignored
unrecognized parameter (q2) - ignored

Warning: Model issue on line 50 :
  .model xdut.x1.x7.x27.xxa1.xr1_0:rbody_model r sw_et=0 isnoisy=0 rsh=    ...
unrecognized parameter (sw_et) - ignored
unrecognized parameter (isnoisy) - ignored
unrecognized parameter (p2) - ignored
unrecognized parameter (q2) - ignored
unrecognized parameter (p3) - ignored
unrecognized parameter (q3) - ignored

Warning: Model issue on line 45 :
  .model xdut.x1.x7.x27.xxa1.xr1_1:rhead_model r sw_et=0 isnoisy=0 rsh=    ...
unrecognized parameter (sw_et) - ignored
unrecognized parameter (isnoisy) - ignored
unrecognized parameter (p2) - ignored
unrecognized parameter (q2) - ignored

Warning: Model issue on line 50 :
  .model xdut.x1.x7.x27.xxa1.xr1_1:rbody_model r sw_et=0 isnoisy=0 rsh=    ...
unrecognized parameter (sw_et) - ignored
unrecognized parameter (isnoisy) - ignored
unrecognized parameter (p2) - ignored
unrecognized parameter (q2) - ignored
unrecognized parameter (p3) - ignored
unrecognized parameter (q3) - ignored

Warning: Model issue on line 45 :
  .model xdut.x1.x7.x27.xxa1.xr1_2:rhead_model r sw_et=0 isnoisy=0 rsh=    ...
unrecognized parameter (sw_et) - ignored
unrecognized parameter (isnoisy) - ignored
unrecognized parameter (p2) - ignored
unrecognized parameter (q2) - ignored

Warning: Model issue on line 50 :
  .model xdut.x1.x7.x27.xxa1.xr1_2:rbody_model r sw_et=0 isnoisy=0 rsh=    ...
unrecognized parameter (sw_et) - ignored
unrecognized parameter (isnoisy) - ignored
unrecognized parameter (p2) - ignored
unrecognized parameter (q2) - ignored
unrecognized parameter (p3) - ignored
unrecognized parameter (q3) - ignored

Warning: Model issue on line 45 :
  .model xdut.x1.x7.x27.xxa1.xr1_3:rhead_model r sw_et=0 isnoisy=0 rsh=    ...
unrecognized parameter (sw_et) - ignored
unrecognized parameter (isnoisy) - ignored
unrecognized parameter (p2) - ignored
unrecognized parameter (q2) - ignored

Warning: Model issue on line 50 :
  .model xdut.x1.x7.x27.xxa1.xr1_3:rbody_model r sw_et=0 isnoisy=0 rsh=    ...
unrecognized parameter (sw_et) - ignored
unrecognized parameter (isnoisy) - ignored
unrecognized parameter (p2) - ignored
unrecognized parameter (q2) - ignored
unrecognized parameter (p3) - ignored
unrecognized parameter (q3) - ignored

Warning: Model issue on line 45 :
  .model xdut.x1.x7.x27.xxa1.xr1_4:rhead_model r sw_et=0 isnoisy=0 rsh=    ...
unrecognized parameter (sw_et) - ignored
unrecognized parameter (isnoisy) - ignored
unrecognized parameter (p2) - ignored
unrecognized parameter (q2) - ignored

Warning: Model issue on line 50 :
  .model xdut.x1.x7.x27.xxa1.xr1_4:rbody_model r sw_et=0 isnoisy=0 rsh=    ...
unrecognized parameter (sw_et) - ignored
unrecognized parameter (isnoisy) - ignored
unrecognized parameter (p2) - ignored
unrecognized parameter (q2) - ignored
unrecognized parameter (p3) - ignored
unrecognized parameter (q3) - ignored

Warning: Model issue on line 45 :
  .model xdut.x1.x7.x27.xxa1.xr1_5:rhead_model r sw_et=0 isnoisy=0 rsh=    ...
unrecognized parameter (sw_et) - ignored
unrecognized parameter (isnoisy) - ignored
unrecognized parameter (p2) - ignored
unrecognized parameter (q2) - ignored

Warning: Model issue on line 50 :
  .model xdut.x1.x7.x27.xxa1.xr1_5:rbody_model r sw_et=0 isnoisy=0 rsh=    ...
unrecognized parameter (sw_et) - ignored
unrecognized parameter (isnoisy) - ignored
unrecognized parameter (p2) - ignored
unrecognized parameter (q2) - ignored
unrecognized parameter (p3) - ignored
unrecognized parameter (q3) - ignored

Warning: Model issue on line 45 :
  .model xdut.x1.x7.x27.xxa1.xr1_6:rhead_model r sw_et=0 isnoisy=0 rsh=    ...
unrecognized parameter (sw_et) - ignored
unrecognized parameter (isnoisy) - ignored
unrecognized parameter (p2) - ignored
unrecognized parameter (q2) - ignored

Warning: Model issue on line 50 :
  .model xdut.x1.x7.x27.xxa1.xr1_6:rbody_model r sw_et=0 isnoisy=0 rsh=    ...
unrecognized parameter (sw_et) - ignored
unrecognized parameter (isnoisy) - ignored
unrecognized parameter (p2) - ignored
unrecognized parameter (q2) - ignored
unrecognized parameter (p3) - ignored
unrecognized parameter (q3) - ignored

Warning: Model issue on line 45 :
  .model xdut.x1.x7.x27.xxa1.xr1_7:rhead_model r sw_et=0 isnoisy=0 rsh=    ...
unrecognized parameter (sw_et) - ignored
unrecognized parameter (isnoisy) - ignored
unrecognized parameter (p2) - ignored
unrecognized parameter (q2) - ignored

Warning: Model issue on line 50 :
  .model xdut.x1.x7.x27.xxa1.xr1_7:rbody_model r sw_et=0 isnoisy=0 rsh=    ...
unrecognized parameter (sw_et) - ignored
unrecognized parameter (isnoisy) - ignored
unrecognized parameter (p2) - ignored
unrecognized parameter (q2) - ignored
unrecognized parameter (p3) - ignored
unrecognized parameter (q3) - ignored

Warning: Model issue on line 45 :
  .model xdut.x1.x7.x4.xxa1.xr1_0:rhead_model r sw_et=0 isnoisy=0 rsh=     ...
unrecognized parameter (sw_et) - ignored
unrecognized parameter (isnoisy) - ignored
unrecognized parameter (p2) - ignored
unrecognized parameter (q2) - ignored

Warning: Model issue on line 50 :
  .model xdut.x1.x7.x4.xxa1.xr1_0:rbody_model r sw_et=0 isnoisy=0 rsh=     ...
unrecognized parameter (sw_et) - ignored
unrecognized parameter (isnoisy) - ignored
unrecognized parameter (p2) - ignored
unrecognized parameter (q2) - ignored
unrecognized parameter (p3) - ignored
unrecognized parameter (q3) - ignored

Warning: Model issue on line 45 :
  .model xdut.x1.x7.x4.xxa1.xr1_1:rhead_model r sw_et=0 isnoisy=0 rsh=     ...
unrecognized parameter (sw_et) - ignored
unrecognized parameter (isnoisy) - ignored
unrecognized parameter (p2) - ignored
unrecognized parameter (q2) - ignored

Warning: Model issue on line 50 :
  .model xdut.x1.x7.x4.xxa1.xr1_1:rbody_model r sw_et=0 isnoisy=0 rsh=     ...
unrecognized parameter (sw_et) - ignored
unrecognized parameter (isnoisy) - ignored
unrecognized parameter (p2) - ignored
unrecognized parameter (q2) - ignored
unrecognized parameter (p3) - ignored
unrecognized parameter (q3) - ignored

Warning: Model issue on line 45 :
  .model xdut.x1.x7.x12.xxa1.xr1_0:rhead_model r sw_et=0 isnoisy=0 rsh=    ...
unrecognized parameter (sw_et) - ignored
unrecognized parameter (isnoisy) - ignored
unrecognized parameter (p2) - ignored
unrecognized parameter (q2) - ignored

Warning: Model issue on line 50 :
  .model xdut.x1.x7.x12.xxa1.xr1_0:rbody_model r sw_et=0 isnoisy=0 rsh=    ...
unrecognized parameter (sw_et) - ignored
unrecognized parameter (isnoisy) - ignored
unrecognized parameter (p2) - ignored
unrecognized parameter (q2) - ignored
unrecognized parameter (p3) - ignored
unrecognized parameter (q3) - ignored

Warning: Model issue on line 45 :
  .model xdut.x1.x7.x12.xxa1.xr1_1:rhead_model r sw_et=0 isnoisy=0 rsh=    ...
unrecognized parameter (sw_et) - ignored
unrecognized parameter (isnoisy) - ignored
unrecognized parameter (p2) - ignored
unrecognized parameter (q2) - ignored

Warning: Model issue on line 50 :
  .model xdut.x1.x7.x12.xxa1.xr1_1:rbody_model r sw_et=0 isnoisy=0 rsh=    ...
unrecognized parameter (sw_et) - ignored
unrecognized parameter (isnoisy) - ignored
unrecognized parameter (p2) - ignored
unrecognized parameter (q2) - ignored
unrecognized parameter (p3) - ignored
unrecognized parameter (q3) - ignored

Warning: Model issue on line 45 :
  .model xdut.x1.x7.x14.xxa1.xr1_0:rhead_model r sw_et=0 isnoisy=0 rsh=    ...
unrecognized parameter (sw_et) - ignored
unrecognized parameter (isnoisy) - ignored
unrecognized parameter (p2) - ignored
unrecognized parameter (q2) - ignored

Warning: Model issue on line 50 :
  .model xdut.x1.x7.x14.xxa1.xr1_0:rbody_model r sw_et=0 isnoisy=0 rsh=    ...
unrecognized parameter (sw_et) - ignored
unrecognized parameter (isnoisy) - ignored
unrecognized parameter (p2) - ignored
unrecognized parameter (q2) - ignored
unrecognized parameter (p3) - ignored
unrecognized parameter (q3) - ignored

Warning: Model issue on line 45 :
  .model xdut.x1.x7.x14.xxa1.xr1_1:rhead_model r sw_et=0 isnoisy=0 rsh=    ...
unrecognized parameter (sw_et) - ignored
unrecognized parameter (isnoisy) - ignored
unrecognized parameter (p2) - ignored
unrecognized parameter (q2) - ignored

Warning: Model issue on line 50 :
  .model xdut.x1.x7.x14.xxa1.xr1_1:rbody_model r sw_et=0 isnoisy=0 rsh=    ...
unrecognized parameter (sw_et) - ignored
unrecognized parameter (isnoisy) - ignored
unrecognized parameter (p2) - ignored
unrecognized parameter (q2) - ignored
unrecognized parameter (p3) - ignored
unrecognized parameter (q3) - ignored

Warning: Model issue on line 45 :
  .model xdut.x1.x7.x30.xxa1.xr1_0:rhead_model r sw_et=0 isnoisy=0 rsh=    ...
unrecognized parameter (sw_et) - ignored
unrecognized parameter (isnoisy) - ignored
unrecognized parameter (p2) - ignored
unrecognized parameter (q2) - ignored

Warning: Model issue on line 50 :
  .model xdut.x1.x7.x30.xxa1.xr1_0:rbody_model r sw_et=0 isnoisy=0 rsh=    ...
unrecognized parameter (sw_et) - ignored
unrecognized parameter (isnoisy) - ignored
unrecognized parameter (p2) - ignored
unrecognized parameter (q2) - ignored
unrecognized parameter (p3) - ignored
unrecognized parameter (q3) - ignored

Warning: Model issue on line 45 :
  .model xdut.x1.x7.x30.xxa1.xr1_1:rhead_model r sw_et=0 isnoisy=0 rsh=    ...
unrecognized parameter (sw_et) - ignored
unrecognized parameter (isnoisy) - ignored
unrecognized parameter (p2) - ignored
unrecognized parameter (q2) - ignored

Warning: Model issue on line 50 :
  .model xdut.x1.x7.x30.xxa1.xr1_1:rbody_model r sw_et=0 isnoisy=0 rsh=    ...
unrecognized parameter (sw_et) - ignored
unrecognized parameter (isnoisy) - ignored
unrecognized parameter (p2) - ignored
unrecognized parameter (q2) - ignored
unrecognized parameter (p3) - ignored
unrecognized parameter (q3) - ignored

Warning: Model issue on line 45 :
  .model xdut.x1.x7.x30.xxa1.xr1_2:rhead_model r sw_et=0 isnoisy=0 rsh=    ...
unrecognized parameter (sw_et) - ignored
unrecognized parameter (isnoisy) - ignored
unrecognized parameter (p2) - ignored
unrecognized parameter (q2) - ignored

Warning: Model issue on line 50 :
  .model xdut.x1.x7.x30.xxa1.xr1_2:rbody_model r sw_et=0 isnoisy=0 rsh=    ...
unrecognized parameter (sw_et) - ignored
unrecognized parameter (isnoisy) - ignored
unrecognized parameter (p2) - ignored
unrecognized parameter (q2) - ignored
unrecognized parameter (p3) - ignored
unrecognized parameter (q3) - ignored

Warning: Model issue on line 45 :
  .model xdut.x1.x7.x30.xxa1.xr1_3:rhead_model r sw_et=0 isnoisy=0 rsh=    ...
unrecognized parameter (sw_et) - ignored
unrecognized parameter (isnoisy) - ignored
unrecognized parameter (p2) - ignored
unrecognized parameter (q2) - ignored

Warning: Model issue on line 50 :
  .model xdut.x1.x7.x30.xxa1.xr1_3:rbody_model r sw_et=0 isnoisy=0 rsh=    ...
unrecognized parameter (sw_et) - ignored
unrecognized parameter (isnoisy) - ignored
unrecognized parameter (p2) - ignored
unrecognized parameter (q2) - ignored
unrecognized parameter (p3) - ignored
unrecognized parameter (q3) - ignored

Warning: Model issue on line 45 :
  .model xdut.x1.x7.x30.xxa1.xr1_4:rhead_model r sw_et=0 isnoisy=0 rsh=    ...
unrecognized parameter (sw_et) - ignored
unrecognized parameter (isnoisy) - ignored
unrecognized parameter (p2) - ignored
unrecognized parameter (q2) - ignored

Warning: Model issue on line 50 :
  .model xdut.x1.x7.x30.xxa1.xr1_4:rbody_model r sw_et=0 isnoisy=0 rsh=    ...
unrecognized parameter (sw_et) - ignored
unrecognized parameter (isnoisy) - ignored
unrecognized parameter (p2) - ignored
unrecognized parameter (q2) - ignored
unrecognized parameter (p3) - ignored
unrecognized parameter (q3) - ignored

Warning: Model issue on line 45 :
  .model xdut.x1.x7.x30.xxa1.xr1_5:rhead_model r sw_et=0 isnoisy=0 rsh=    ...
unrecognized parameter (sw_et) - ignored
unrecognized parameter (isnoisy) - ignored
unrecognized parameter (p2) - ignored
unrecognized parameter (q2) - ignored

Warning: Model issue on line 50 :
  .model xdut.x1.x7.x30.xxa1.xr1_5:rbody_model r sw_et=0 isnoisy=0 rsh=    ...
unrecognized parameter (sw_et) - ignored
unrecognized parameter (isnoisy) - ignored
unrecognized parameter (p2) - ignored
unrecognized parameter (q2) - ignored
unrecognized parameter (p3) - ignored
unrecognized parameter (q3) - ignored

Warning: Model issue on line 45 :
  .model xdut.x1.x7.x30.xxa1.xr1_6:rhead_model r sw_et=0 isnoisy=0 rsh=    ...
unrecognized parameter (sw_et) - ignored
unrecognized parameter (isnoisy) - ignored
unrecognized parameter (p2) - ignored
unrecognized parameter (q2) - ignored

Warning: Model issue on line 50 :
  .model xdut.x1.x7.x30.xxa1.xr1_6:rbody_model r sw_et=0 isnoisy=0 rsh=    ...
unrecognized parameter (sw_et) - ignored
unrecognized parameter (isnoisy) - ignored
unrecognized parameter (p2) - ignored
unrecognized parameter (q2) - ignored
unrecognized parameter (p3) - ignored
unrecognized parameter (q3) - ignored

Warning: Model issue on line 45 :
  .model xdut.x1.x7.x30.xxa1.xr1_7:rhead_model r sw_et=0 isnoisy=0 rsh=    ...
unrecognized parameter (sw_et) - ignored
unrecognized parameter (isnoisy) - ignored
unrecognized parameter (p2) - ignored
unrecognized parameter (q2) - ignored

Warning: Model issue on line 50 :
  .model xdut.x1.x7.x30.xxa1.xr1_7:rbody_model r sw_et=0 isnoisy=0 rsh=    ...
unrecognized parameter (sw_et) - ignored
unrecognized parameter (isnoisy) - ignored
unrecognized parameter (p2) - ignored
unrecognized parameter (q2) - ignored
unrecognized parameter (p3) - ignored
unrecognized parameter (q3) - ignored

Warning: Model issue on line 45 :
  .model xdut.x1.x7.x30.xxa1.xr1_8:rhead_model r sw_et=0 isnoisy=0 rsh=    ...
unrecognized parameter (sw_et) - ignored
unrecognized parameter (isnoisy) - ignored
unrecognized parameter (p2) - ignored
unrecognized parameter (q2) - ignored

Warning: Model issue on line 50 :
  .model xdut.x1.x7.x30.xxa1.xr1_8:rbody_model r sw_et=0 isnoisy=0 rsh=    ...
unrecognized parameter (sw_et) - ignored
unrecognized parameter (isnoisy) - ignored
unrecognized parameter (p2) - ignored
unrecognized parameter (q2) - ignored
unrecognized parameter (p3) - ignored
unrecognized parameter (q3) - ignored

Warning: Model issue on line 45 :
  .model xdut.x1.x7.x30.xxa1.xr1_9:rhead_model r sw_et=0 isnoisy=0 rsh=    ...
unrecognized parameter (sw_et) - ignored
unrecognized parameter (isnoisy) - ignored
unrecognized parameter (p2) - ignored
unrecognized parameter (q2) - ignored

Warning: Model issue on line 50 :
  .model xdut.x1.x7.x30.xxa1.xr1_9:rbody_model r sw_et=0 isnoisy=0 rsh=    ...
unrecognized parameter (sw_et) - ignored
unrecognized parameter (isnoisy) - ignored
unrecognized parameter (p2) - ignored
unrecognized parameter (q2) - ignored
unrecognized parameter (p3) - ignored
unrecognized parameter (q3) - ignored

Warning: Model issue on line 45 :
  .model xdut.x1.x7.x30.xxa1.xr1_10:rhead_model r sw_et=0 isnoisy=0 rsh=   ...
unrecognized parameter (sw_et) - ignored
unrecognized parameter (isnoisy) - ignored
unrecognized parameter (p2) - ignored
unrecognized parameter (q2) - ignored

Warning: Model issue on line 50 :
  .model xdut.x1.x7.x30.xxa1.xr1_10:rbody_model r sw_et=0 isnoisy=0 rsh=   ...
unrecognized parameter (sw_et) - ignored
unrecognized parameter (isnoisy) - ignored
unrecognized parameter (p2) - ignored
unrecognized parameter (q2) - ignored
unrecognized parameter (p3) - ignored
unrecognized parameter (q3) - ignored

Warning: Model issue on line 45 :
  .model xdut.x1.x7.x30.xxa1.xr1_11:rhead_model r sw_et=0 isnoisy=0 rsh=   ...
unrecognized parameter (sw_et) - ignored
unrecognized parameter (isnoisy) - ignored
unrecognized parameter (p2) - ignored
unrecognized parameter (q2) - ignored

Warning: Model issue on line 50 :
  .model xdut.x1.x7.x30.xxa1.xr1_11:rbody_model r sw_et=0 isnoisy=0 rsh=   ...
unrecognized parameter (sw_et) - ignored
unrecognized parameter (isnoisy) - ignored
unrecognized parameter (p2) - ignored
unrecognized parameter (q2) - ignored
unrecognized parameter (p3) - ignored
unrecognized parameter (q3) - ignored

Warning: Model issue on line 45 :
  .model xdut.x1.x7.x30.xxa1.xr1_12:rhead_model r sw_et=0 isnoisy=0 rsh=   ...
unrecognized parameter (sw_et) - ignored
unrecognized parameter (isnoisy) - ignored
unrecognized parameter (p2) - ignored
unrecognized parameter (q2) - ignored

Warning: Model issue on line 50 :
  .model xdut.x1.x7.x30.xxa1.xr1_12:rbody_model r sw_et=0 isnoisy=0 rsh=   ...
unrecognized parameter (sw_et) - ignored
unrecognized parameter (isnoisy) - ignored
unrecognized parameter (p2) - ignored
unrecognized parameter (q2) - ignored
unrecognized parameter (p3) - ignored
unrecognized parameter (q3) - ignored

Warning: Model issue on line 45 :
  .model xdut.x1.x7.x30.xxa1.xr1_13:rhead_model r sw_et=0 isnoisy=0 rsh=   ...
unrecognized parameter (sw_et) - ignored
unrecognized parameter (isnoisy) - ignored
unrecognized parameter (p2) - ignored
unrecognized parameter (q2) - ignored

Warning: Model issue on line 50 :
  .model xdut.x1.x7.x30.xxa1.xr1_13:rbody_model r sw_et=0 isnoisy=0 rsh=   ...
unrecognized parameter (sw_et) - ignored
unrecognized parameter (isnoisy) - ignored
unrecognized parameter (p2) - ignored
unrecognized parameter (q2) - ignored
unrecognized parameter (p3) - ignored
unrecognized parameter (q3) - ignored

Warning: Model issue on line 45 :
  .model xdut.x1.x7.x30.xxa1.xr1_14:rhead_model r sw_et=0 isnoisy=0 rsh=   ...
unrecognized parameter (sw_et) - ignored
unrecognized parameter (isnoisy) - ignored
unrecognized parameter (p2) - ignored
unrecognized parameter (q2) - ignored

Warning: Model issue on line 50 :
  .model xdut.x1.x7.x30.xxa1.xr1_14:rbody_model r sw_et=0 isnoisy=0 rsh=   ...
unrecognized parameter (sw_et) - ignored
unrecognized parameter (isnoisy) - ignored
unrecognized parameter (p2) - ignored
unrecognized parameter (q2) - ignored
unrecognized parameter (p3) - ignored
unrecognized parameter (q3) - ignored

Warning: Model issue on line 45 :
  .model xdut.x1.x7.x30.xxa1.xr1_15:rhead_model r sw_et=0 isnoisy=0 rsh=   ...
unrecognized parameter (sw_et) - ignored
unrecognized parameter (isnoisy) - ignored
unrecognized parameter (p2) - ignored
unrecognized parameter (q2) - ignored

Warning: Model issue on line 50 :
  .model xdut.x1.x7.x30.xxa1.xr1_15:rbody_model r sw_et=0 isnoisy=0 rsh=   ...
unrecognized parameter (sw_et) - ignored
unrecognized parameter (isnoisy) - ignored
unrecognized parameter (p2) - ignored
unrecognized parameter (q2) - ignored
unrecognized parameter (p3) - ignored
unrecognized parameter (q3) - ignored

Warning: Model issue on line 45 :
  .model xdut.x1.x7.x31.xxa1.xr1_0:rhead_model r sw_et=0 isnoisy=0 rsh=    ...
unrecognized parameter (sw_et) - ignored
unrecognized parameter (isnoisy) - ignored
unrecognized parameter (p2) - ignored
unrecognized parameter (q2) - ignored

Warning: Model issue on line 50 :
  .model xdut.x1.x7.x31.xxa1.xr1_0:rbody_model r sw_et=0 isnoisy=0 rsh=    ...
unrecognized parameter (sw_et) - ignored
unrecognized parameter (isnoisy) - ignored
unrecognized parameter (p2) - ignored
unrecognized parameter (q2) - ignored
unrecognized parameter (p3) - ignored
unrecognized parameter (q3) - ignored

Warning: Model issue on line 45 :
  .model xdut.x1.x7.x31.xxa1.xr1_1:rhead_model r sw_et=0 isnoisy=0 rsh=    ...
unrecognized parameter (sw_et) - ignored
unrecognized parameter (isnoisy) - ignored
unrecognized parameter (p2) - ignored
unrecognized parameter (q2) - ignored

Warning: Model issue on line 50 :
  .model xdut.x1.x7.x31.xxa1.xr1_1:rbody_model r sw_et=0 isnoisy=0 rsh=    ...
unrecognized parameter (sw_et) - ignored
unrecognized parameter (isnoisy) - ignored
unrecognized parameter (p2) - ignored
unrecognized parameter (q2) - ignored
unrecognized parameter (p3) - ignored
unrecognized parameter (q3) - ignored

Warning: Model issue on line 45 :
  .model xdut.x1.x7.x31.xxa1.xr1_2:rhead_model r sw_et=0 isnoisy=0 rsh=    ...
unrecognized parameter (sw_et) - ignored
unrecognized parameter (isnoisy) - ignored
unrecognized parameter (p2) - ignored
unrecognized parameter (q2) - ignored

Warning: Model issue on line 50 :
  .model xdut.x1.x7.x31.xxa1.xr1_2:rbody_model r sw_et=0 isnoisy=0 rsh=    ...
unrecognized parameter (sw_et) - ignored
unrecognized parameter (isnoisy) - ignored
unrecognized parameter (p2) - ignored
unrecognized parameter (q2) - ignored
unrecognized parameter (p3) - ignored
unrecognized parameter (q3) - ignored

Warning: Model issue on line 45 :
  .model xdut.x1.x7.x31.xxa1.xr1_3:rhead_model r sw_et=0 isnoisy=0 rsh=    ...
unrecognized parameter (sw_et) - ignored
unrecognized parameter (isnoisy) - ignored
unrecognized parameter (p2) - ignored
unrecognized parameter (q2) - ignored

Warning: Model issue on line 50 :
  .model xdut.x1.x7.x31.xxa1.xr1_3:rbody_model r sw_et=0 isnoisy=0 rsh=    ...
unrecognized parameter (sw_et) - ignored
unrecognized parameter (isnoisy) - ignored
unrecognized parameter (p2) - ignored
unrecognized parameter (q2) - ignored
unrecognized parameter (p3) - ignored
unrecognized parameter (q3) - ignored

Warning: Model issue on line 45 :
  .model xdut.x1.x7.x31.xxa1.xr1_4:rhead_model r sw_et=0 isnoisy=0 rsh=    ...
unrecognized parameter (sw_et) - ignored
unrecognized parameter (isnoisy) - ignored
unrecognized parameter (p2) - ignored
unrecognized parameter (q2) - ignored

Warning: Model issue on line 50 :
  .model xdut.x1.x7.x31.xxa1.xr1_4:rbody_model r sw_et=0 isnoisy=0 rsh=    ...
unrecognized parameter (sw_et) - ignored
unrecognized parameter (isnoisy) - ignored
unrecognized parameter (p2) - ignored
unrecognized parameter (q2) - ignored
unrecognized parameter (p3) - ignored
unrecognized parameter (q3) - ignored

Warning: Model issue on line 45 :
  .model xdut.x1.x7.x31.xxa1.xr1_5:rhead_model r sw_et=0 isnoisy=0 rsh=    ...
unrecognized parameter (sw_et) - ignored
unrecognized parameter (isnoisy) - ignored
unrecognized parameter (p2) - ignored
unrecognized parameter (q2) - ignored

Warning: Model issue on line 50 :
  .model xdut.x1.x7.x31.xxa1.xr1_5:rbody_model r sw_et=0 isnoisy=0 rsh=    ...
unrecognized parameter (sw_et) - ignored
unrecognized parameter (isnoisy) - ignored
unrecognized parameter (p2) - ignored
unrecognized parameter (q2) - ignored
unrecognized parameter (p3) - ignored
unrecognized parameter (q3) - ignored

Warning: Model issue on line 45 :
  .model xdut.x1.x7.x31.xxa1.xr1_6:rhead_model r sw_et=0 isnoisy=0 rsh=    ...
unrecognized parameter (sw_et) - ignored
unrecognized parameter (isnoisy) - ignored
unrecognized parameter (p2) - ignored
unrecognized parameter (q2) - ignored

Warning: Model issue on line 50 :
  .model xdut.x1.x7.x31.xxa1.xr1_6:rbody_model r sw_et=0 isnoisy=0 rsh=    ...
unrecognized parameter (sw_et) - ignored
unrecognized parameter (isnoisy) - ignored
unrecognized parameter (p2) - ignored
unrecognized parameter (q2) - ignored
unrecognized parameter (p3) - ignored
unrecognized parameter (q3) - ignored

Warning: Model issue on line 45 :
  .model xdut.x1.x7.x31.xxa1.xr1_7:rhead_model r sw_et=0 isnoisy=0 rsh=    ...
unrecognized parameter (sw_et) - ignored
unrecognized parameter (isnoisy) - ignored
unrecognized parameter (p2) - ignored
unrecognized parameter (q2) - ignored

Warning: Model issue on line 50 :
  .model xdut.x1.x7.x31.xxa1.xr1_7:rbody_model r sw_et=0 isnoisy=0 rsh=    ...
unrecognized parameter (sw_et) - ignored
unrecognized parameter (isnoisy) - ignored
unrecognized parameter (p2) - ignored
unrecognized parameter (q2) - ignored
unrecognized parameter (p3) - ignored
unrecognized parameter (q3) - ignored

Warning: Model issue on line 45 :
  .model xdut.x1.x7.x31.xxa1.xr1_8:rhead_model r sw_et=0 isnoisy=0 rsh=    ...
unrecognized parameter (sw_et) - ignored
unrecognized parameter (isnoisy) - ignored
unrecognized parameter (p2) - ignored
unrecognized parameter (q2) - ignored

Warning: Model issue on line 50 :
  .model xdut.x1.x7.x31.xxa1.xr1_8:rbody_model r sw_et=0 isnoisy=0 rsh=    ...
unrecognized parameter (sw_et) - ignored
unrecognized parameter (isnoisy) - ignored
unrecognized parameter (p2) - ignored
unrecognized parameter (q2) - ignored
unrecognized parameter (p3) - ignored
unrecognized parameter (q3) - ignored

Warning: Model issue on line 45 :
  .model xdut.x1.x7.x31.xxa1.xr1_9:rhead_model r sw_et=0 isnoisy=0 rsh=    ...
unrecognized parameter (sw_et) - ignored
unrecognized parameter (isnoisy) - ignored
unrecognized parameter (p2) - ignored
unrecognized parameter (q2) - ignored

Warning: Model issue on line 50 :
  .model xdut.x1.x7.x31.xxa1.xr1_9:rbody_model r sw_et=0 isnoisy=0 rsh=    ...
unrecognized parameter (sw_et) - ignored
unrecognized parameter (isnoisy) - ignored
unrecognized parameter (p2) - ignored
unrecognized parameter (q2) - ignored
unrecognized parameter (p3) - ignored
unrecognized parameter (q3) - ignored

Warning: Model issue on line 45 :
  .model xdut.x1.x7.x31.xxa1.xr1_10:rhead_model r sw_et=0 isnoisy=0 rsh=   ...
unrecognized parameter (sw_et) - ignored
unrecognized parameter (isnoisy) - ignored
unrecognized parameter (p2) - ignored
unrecognized parameter (q2) - ignored

Warning: Model issue on line 50 :
  .model xdut.x1.x7.x31.xxa1.xr1_10:rbody_model r sw_et=0 isnoisy=0 rsh=   ...
unrecognized parameter (sw_et) - ignored
unrecognized parameter (isnoisy) - ignored
unrecognized parameter (p2) - ignored
unrecognized parameter (q2) - ignored
unrecognized parameter (p3) - ignored
unrecognized parameter (q3) - ignored

Warning: Model issue on line 45 :
  .model xdut.x1.x7.x31.xxa1.xr1_11:rhead_model r sw_et=0 isnoisy=0 rsh=   ...
unrecognized parameter (sw_et) - ignored
unrecognized parameter (isnoisy) - ignored
unrecognized parameter (p2) - ignored
unrecognized parameter (q2) - ignored

Warning: Model issue on line 50 :
  .model xdut.x1.x7.x31.xxa1.xr1_11:rbody_model r sw_et=0 isnoisy=0 rsh=   ...
unrecognized parameter (sw_et) - ignored
unrecognized parameter (isnoisy) - ignored
unrecognized parameter (p2) - ignored
unrecognized parameter (q2) - ignored
unrecognized parameter (p3) - ignored
unrecognized parameter (q3) - ignored

Warning: Model issue on line 45 :
  .model xdut.x1.x7.x31.xxa1.xr1_12:rhead_model r sw_et=0 isnoisy=0 rsh=   ...
unrecognized parameter (sw_et) - ignored
unrecognized parameter (isnoisy) - ignored
unrecognized parameter (p2) - ignored
unrecognized parameter (q2) - ignored

Warning: Model issue on line 50 :
  .model xdut.x1.x7.x31.xxa1.xr1_12:rbody_model r sw_et=0 isnoisy=0 rsh=   ...
unrecognized parameter (sw_et) - ignored
unrecognized parameter (isnoisy) - ignored
unrecognized parameter (p2) - ignored
unrecognized parameter (q2) - ignored
unrecognized parameter (p3) - ignored
unrecognized parameter (q3) - ignored

Warning: Model issue on line 45 :
  .model xdut.x1.x7.x31.xxa1.xr1_13:rhead_model r sw_et=0 isnoisy=0 rsh=   ...
unrecognized parameter (sw_et) - ignored
unrecognized parameter (isnoisy) - ignored
unrecognized parameter (p2) - ignored
unrecognized parameter (q2) - ignored

Warning: Model issue on line 50 :
  .model xdut.x1.x7.x31.xxa1.xr1_13:rbody_model r sw_et=0 isnoisy=0 rsh=   ...
unrecognized parameter (sw_et) - ignored
unrecognized parameter (isnoisy) - ignored
unrecognized parameter (p2) - ignored
unrecognized parameter (q2) - ignored
unrecognized parameter (p3) - ignored
unrecognized parameter (q3) - ignored

Warning: Model issue on line 45 :
  .model xdut.x1.x7.x31.xxa1.xr1_14:rhead_model r sw_et=0 isnoisy=0 rsh=   ...
unrecognized parameter (sw_et) - ignored
unrecognized parameter (isnoisy) - ignored
unrecognized parameter (p2) - ignored
unrecognized parameter (q2) - ignored

Warning: Model issue on line 50 :
  .model xdut.x1.x7.x31.xxa1.xr1_14:rbody_model r sw_et=0 isnoisy=0 rsh=   ...
unrecognized parameter (sw_et) - ignored
unrecognized parameter (isnoisy) - ignored
unrecognized parameter (p2) - ignored
unrecognized parameter (q2) - ignored
unrecognized parameter (p3) - ignored
unrecognized parameter (q3) - ignored

Warning: Model issue on line 45 :
  .model xdut.x1.x7.x31.xxa1.xr1_15:rhead_model r sw_et=0 isnoisy=0 rsh=   ...
unrecognized parameter (sw_et) - ignored
unrecognized parameter (isnoisy) - ignored
unrecognized parameter (p2) - ignored
unrecognized parameter (q2) - ignored

Warning: Model issue on line 50 :
  .model xdut.x1.x7.x31.xxa1.xr1_15:rbody_model r sw_et=0 isnoisy=0 rsh=   ...
unrecognized parameter (sw_et) - ignored
unrecognized parameter (isnoisy) - ignored
unrecognized parameter (p2) - ignored
unrecognized parameter (q2) - ignored
unrecognized parameter (p3) - ignored
unrecognized parameter (q3) - ignored

Warning: Model issue on line 45 :
  .model xdut.x1.x7.x29.xxa1.xr1_0:rhead_model r sw_et=0 isnoisy=0 rsh=    ...
unrecognized parameter (sw_et) - ignored
unrecognized parameter (isnoisy) - ignored
unrecognized parameter (p2) - ignored
unrecognized parameter (q2) - ignored

Warning: Model issue on line 50 :
  .model xdut.x1.x7.x29.xxa1.xr1_0:rbody_model r sw_et=0 isnoisy=0 rsh=    ...
unrecognized parameter (sw_et) - ignored
unrecognized parameter (isnoisy) - ignored
unrecognized parameter (p2) - ignored
unrecognized parameter (q2) - ignored
unrecognized parameter (p3) - ignored
unrecognized parameter (q3) - ignored

Warning: Model issue on line 45 :
  .model xdut.x1.x7.x29.xxa1.xr1_1:rhead_model r sw_et=0 isnoisy=0 rsh=    ...
unrecognized parameter (sw_et) - ignored
unrecognized parameter (isnoisy) - ignored
unrecognized parameter (p2) - ignored
unrecognized parameter (q2) - ignored

Warning: Model issue on line 50 :
  .model xdut.x1.x7.x29.xxa1.xr1_1:rbody_model r sw_et=0 isnoisy=0 rsh=    ...
unrecognized parameter (sw_et) - ignored
unrecognized parameter (isnoisy) - ignored
unrecognized parameter (p2) - ignored
unrecognized parameter (q2) - ignored
unrecognized parameter (p3) - ignored
unrecognized parameter (q3) - ignored

Warning: Model issue on line 45 :
  .model xdut.x1.x8.x1.x5.x6.xxa1.xr1_0:rhead_model r sw_et=0 isnoisy=0 rs ...
unrecognized parameter (sw_et) - ignored
unrecognized parameter (isnoisy) - ignored
unrecognized parameter (p2) - ignored
unrecognized parameter (q2) - ignored

Warning: Model issue on line 50 :
  .model xdut.x1.x8.x1.x5.x6.xxa1.xr1_0:rbody_model r sw_et=0 isnoisy=0 rs ...
unrecognized parameter (sw_et) - ignored
unrecognized parameter (isnoisy) - ignored
unrecognized parameter (p2) - ignored
unrecognized parameter (q2) - ignored
unrecognized parameter (p3) - ignored
unrecognized parameter (q3) - ignored

Warning: Model issue on line 45 :
  .model xdut.x1.x8.x1.x5.x6.xxa1.xr1_1:rhead_model r sw_et=0 isnoisy=0 rs ...
unrecognized parameter (sw_et) - ignored
unrecognized parameter (isnoisy) - ignored
unrecognized parameter (p2) - ignored
unrecognized parameter (q2) - ignored

Warning: Model issue on line 50 :
  .model xdut.x1.x8.x1.x5.x6.xxa1.xr1_1:rbody_model r sw_et=0 isnoisy=0 rs ...
unrecognized parameter (sw_et) - ignored
unrecognized parameter (isnoisy) - ignored
unrecognized parameter (p2) - ignored
unrecognized parameter (q2) - ignored
unrecognized parameter (p3) - ignored
unrecognized parameter (q3) - ignored

Warning: Model issue on line 45 :
  .model xdut.x1.x8.x1.x5.x6.xxa1.xr1_2:rhead_model r sw_et=0 isnoisy=0 rs ...
unrecognized parameter (sw_et) - ignored
unrecognized parameter (isnoisy) - ignored
unrecognized parameter (p2) - ignored
unrecognized parameter (q2) - ignored

Warning: Model issue on line 50 :
  .model xdut.x1.x8.x1.x5.x6.xxa1.xr1_2:rbody_model r sw_et=0 isnoisy=0 rs ...
unrecognized parameter (sw_et) - ignored
unrecognized parameter (isnoisy) - ignored
unrecognized parameter (p2) - ignored
unrecognized parameter (q2) - ignored
unrecognized parameter (p3) - ignored
unrecognized parameter (q3) - ignored

Warning: Model issue on line 45 :
  .model xdut.x1.x8.x1.x5.x6.xxa1.xr1_3:rhead_model r sw_et=0 isnoisy=0 rs ...
unrecognized parameter (sw_et) - ignored
unrecognized parameter (isnoisy) - ignored
unrecognized parameter (p2) - ignored
unrecognized parameter (q2) - ignored

Warning: Model issue on line 50 :
  .model xdut.x1.x8.x1.x5.x6.xxa1.xr1_3:rbody_model r sw_et=0 isnoisy=0 rs ...
unrecognized parameter (sw_et) - ignored
unrecognized parameter (isnoisy) - ignored
unrecognized parameter (p2) - ignored
unrecognized parameter (q2) - ignored
unrecognized parameter (p3) - ignored
unrecognized parameter (q3) - ignored

Note: Transient op started
Note: Transient op finished successfully
Doing analysis at TEMP = 27.000000 and TNOM = 27.000000

Using KLU as Direct Linear Solver
 Reference value :  1.00000e-12
No. of Data Rows : 58
binary raw file "tran_SchGtKttTtVt.raw"
ngspice-45.2 done
